-- The C compiler identification is GNU 11.4.0
-- The CXX compiler identification is GNU 11.4.0
-- Detecting C compiler ABI info
-- Detecting C compiler ABI info - done
-- Check for working C compiler: /usr/bin/cc - skipped
-- Detecting C compile features
-- Detecting C compile features - done
-- Detecting CXX compiler ABI info
-- Detecting CXX compiler ABI info - done
-- Check for working CXX compiler: /usr/bin/c++ - skipped
-- Detecting CXX compile features
-- Detecting CXX compile features - done
-- Found ament_cmake: 1.3.13 (/opt/ros/humble/share/ament_cmake/cmake)
-- Found Python3: /usr/bin/python3 (found version "3.10.12") found components: Interpreter 
-- Found ament_lint_auto: 0.12.15 (/opt/ros/humble/share/ament_lint_auto/cmake)
-- Found rosidl_default_generators: 1.2.0 (/opt/ros/humble/share/rosidl_default_generators/cmake)
-- Using all available rosidl_typesupport_c: rosidl_typesupport_fastrtps_c;rosidl_typesupport_introspection_c
-- Found rosidl_adapter: 3.1.8 (/opt/ros/humble/share/rosidl_adapter/cmake)
-- Using all available rosidl_typesupport_cpp: rosidl_typesupport_fastrtps_cpp;rosidl_typesupport_introspection_cpp
-- Found ament_cmake_ros: 0.10.0 (/opt/ros/humble/share/ament_cmake_ros/cmake)
-- Using all available rosidl_typesupport_c: rosidl_typesupport_fastrtps_c;rosidl_typesupport_introspection_c
-- Using all available rosidl_typesupport_cpp: rosidl_typesupport_fastrtps_cpp;rosidl_typesupport_introspection_cpp
-- Found PythonInterp: /usr/bin/python3 (found suitable version "3.10.12", minimum required is "3.6") 
-- Found python_cmake_module: 0.10.0 (/opt/ros/humble/share/python_cmake_module/cmake)
-- Found PythonLibs: /usr/lib/x86_64-linux-gnu/libpython3.10.so (found suitable version "3.10.12", minimum required is "3.5") 
-- Using PYTHON_EXECUTABLE: /usr/bin/python3
-- Using PYTHON_INCLUDE_DIRS: /usr/include/python3.10
-- Using PYTHON_LIBRARIES: /usr/lib/x86_64-linux-gnu/libpython3.10.so
-- Found PythonExtra: .so  
-- Added test 'lint_cmake' to check CMake code style
-- Added test 'xmllint' to check XML markup files
-- Configuring done
-- Generating done
-- Build files have been written to: /home/soethutun/midterm/build/rotate_pkg
[  3%] [34m[1mGenerating C code for ROS interfaces[0m
[  6%] [34m[1mGenerating C++ code for ROS interfaces[0m
[  6%] Built target ament_cmake_python_copy_rotate_pkg
running egg_info
creating rotate_pkg.egg-info
writing rotate_pkg.egg-info/PKG-INFO
writing dependency_links to rotate_pkg.egg-info/dependency_links.txt
writing top-level names to rotate_pkg.egg-info/top_level.txt
writing manifest file 'rotate_pkg.egg-info/SOURCES.txt'
reading manifest file 'rotate_pkg.egg-info/SOURCES.txt'
writing manifest file 'rotate_pkg.egg-info/SOURCES.txt'
[  6%] Built target ament_cmake_python_build_rotate_pkg_egg
[  6%] Built target rotate_pkg__cpp
[  9%] [32mBuilding C object CMakeFiles/rotate_pkg__rosidl_generator_c.dir/rosidl_generator_c/rotate_pkg/action/detail/rotate__functions.c.o[0m
[ 16%] [34m[1mGenerating C++ type support dispatch for ROS interfaces[0m
[ 19%] [34m[1mGenerating C++ introspection for ROS interfaces[0m
[ 16%] [34m[1mGenerating C++ type support for eProsima Fast-RTPS[0m
[ 22%] [32m[1mLinking C shared library librotate_pkg__rosidl_generator_c.so[0m
[ 22%] Built target rotate_pkg__rosidl_generator_c
[ 25%] [34m[1mGenerating C type support for eProsima Fast-RTPS[0m
[ 29%] [32mBuilding CXX object CMakeFiles/rotate_pkg__rosidl_typesupport_cpp.dir/rosidl_typesupport_cpp/rotate_pkg/action/rotate__type_support.cpp.o[0m
[ 32%] [32mBuilding CXX object CMakeFiles/rotate_pkg__rosidl_typesupport_introspection_cpp.dir/rosidl_typesupport_introspection_cpp/rotate_pkg/action/detail/rotate__type_support.cpp.o[0m
[ 35%] [32mBuilding CXX object CMakeFiles/rotate_pkg__rosidl_typesupport_fastrtps_cpp.dir/rosidl_typesupport_fastrtps_cpp/rotate_pkg/action/detail/dds_fastrtps/rotate__type_support.cpp.o[0m
[ 38%] [32mBuilding CXX object CMakeFiles/rotate_pkg__rosidl_typesupport_fastrtps_c.dir/rosidl_typesupport_fastrtps_c/rotate_pkg/action/detail/rotate__type_support_c.cpp.o[0m
[ 41%] [32m[1mLinking CXX shared library librotate_pkg__rosidl_typesupport_cpp.so[0m
[ 41%] Built target rotate_pkg__rosidl_typesupport_cpp
[ 45%] [34m[1mGenerating C introspection for ROS interfaces[0m
[ 48%] [32m[1mLinking CXX shared library librotate_pkg__rosidl_typesupport_introspection_cpp.so[0m
[ 51%] [32m[1mLinking CXX shared library librotate_pkg__rosidl_typesupport_fastrtps_c.so[0m
[ 54%] [32m[1mLinking CXX shared library librotate_pkg__rosidl_typesupport_fastrtps_cpp.so[0m
[ 54%] Built target rotate_pkg__rosidl_typesupport_introspection_cpp
[ 58%] [34m[1mGenerating C type support dispatch for ROS interfaces[0m
[ 58%] Built target rotate_pkg__rosidl_typesupport_fastrtps_c
[ 58%] Built target rotate_pkg__rosidl_typesupport_fastrtps_cpp
[ 61%] [32mBuilding C object CMakeFiles/rotate_pkg__rosidl_typesupport_introspection_c.dir/rosidl_typesupport_introspection_c/rotate_pkg/action/detail/rotate__type_support.c.o[0m
[ 64%] [32m[1mLinking C shared library librotate_pkg__rosidl_typesupport_introspection_c.so[0m
[ 64%] Built target rotate_pkg__rosidl_typesupport_introspection_c
[ 67%] [32mBuilding CXX object CMakeFiles/rotate_pkg__rosidl_typesupport_c.dir/rosidl_typesupport_c/rotate_pkg/action/rotate__type_support.cpp.o[0m
[ 70%] [32m[1mLinking CXX shared library librotate_pkg__rosidl_typesupport_c.so[0m
[ 70%] Built target rotate_pkg__rosidl_typesupport_c
[ 70%] Built target rotate_pkg
[ 74%] [34m[1mGenerating Python code for ROS interfaces[0m
[ 74%] Built target rotate_pkg__py
[ 77%] [32mBuilding C object CMakeFiles/rotate_pkg__rosidl_generator_py.dir/rosidl_generator_py/rotate_pkg/action/_rotate_s.c.o[0m
[ 80%] [32m[1mLinking C shared library rosidl_generator_py/rotate_pkg/librotate_pkg__rosidl_generator_py.so[0m
[ 80%] Built target rotate_pkg__rosidl_generator_py
[ 83%] [32mBuilding C object CMakeFiles/rotate_pkg__rosidl_typesupport_introspection_c__pyext.dir/rosidl_generator_py/rotate_pkg/_rotate_pkg_s.ep.rosidl_typesupport_introspection_c.c.o[0m
[ 87%] [32mBuilding C object CMakeFiles/rotate_pkg__rosidl_typesupport_fastrtps_c__pyext.dir/rosidl_generator_py/rotate_pkg/_rotate_pkg_s.ep.rosidl_typesupport_fastrtps_c.c.o[0m
[ 90%] [32mBuilding C object CMakeFiles/rotate_pkg__rosidl_typesupport_c__pyext.dir/rosidl_generator_py/rotate_pkg/_rotate_pkg_s.ep.rosidl_typesupport_c.c.o[0m
[ 93%] [32m[1mLinking C shared library rosidl_generator_py/rotate_pkg/rotate_pkg_s__rosidl_typesupport_introspection_c.cpython-310-x86_64-linux-gnu.so[0m
[ 93%] Built target rotate_pkg__rosidl_typesupport_introspection_c__pyext
[100%] [32m[1mLinking C shared library rosidl_generator_py/rotate_pkg/rotate_pkg_s__rosidl_typesupport_c.cpython-310-x86_64-linux-gnu.so[0m
[100%] [32m[1mLinking C shared library rosidl_generator_py/rotate_pkg/rotate_pkg_s__rosidl_typesupport_fastrtps_c.cpython-310-x86_64-linux-gnu.so[0m
[100%] Built target rotate_pkg__rosidl_typesupport_fastrtps_c__pyext
[100%] Built target rotate_pkg__rosidl_typesupport_c__pyext
-- Install configuration: ""
-- Installing: /home/soethutun/midterm/install/rotate_pkg/share/ament_index/resource_index/rosidl_interfaces/rotate_pkg
-- Installing: /home/soethutun/midterm/install/rotate_pkg/include/rotate_pkg/rotate_pkg
-- Installing: /home/soethutun/midterm/install/rotate_pkg/include/rotate_pkg/rotate_pkg/msg
-- Installing: /home/soethutun/midterm/install/rotate_pkg/include/rotate_pkg/rotate_pkg/msg/rosidl_generator_c__visibility_control.h
-- Installing: /home/soethutun/midterm/install/rotate_pkg/include/rotate_pkg/rotate_pkg/action
-- Installing: /home/soethutun/midterm/install/rotate_pkg/include/rotate_pkg/rotate_pkg/action/rotate.h
-- Installing: /home/soethutun/midterm/install/rotate_pkg/include/rotate_pkg/rotate_pkg/action/detail
-- Installing: /home/soethutun/midterm/install/rotate_pkg/include/rotate_pkg/rotate_pkg/action/detail/rotate__struct.h
-- Installing: /home/soethutun/midterm/install/rotate_pkg/include/rotate_pkg/rotate_pkg/action/detail/rotate__functions.c
-- Installing: /home/soethutun/midterm/install/rotate_pkg/include/rotate_pkg/rotate_pkg/action/detail/rotate__type_support.h
-- Installing: /home/soethutun/midterm/install/rotate_pkg/include/rotate_pkg/rotate_pkg/action/detail/rotate__functions.h
-- Installing: /home/soethutun/midterm/install/rotate_pkg/share/rotate_pkg/environment/library_path.sh
-- Installing: /home/soethutun/midterm/install/rotate_pkg/share/rotate_pkg/environment/library_path.dsv
-- Installing: /home/soethutun/midterm/install/rotate_pkg/lib/librotate_pkg__rosidl_generator_c.so
-- Set runtime path of "/home/soethutun/midterm/install/rotate_pkg/lib/librotate_pkg__rosidl_generator_c.so" to ""
-- Up-to-date: /home/soethutun/midterm/install/rotate_pkg/include/rotate_pkg/rotate_pkg
-- Up-to-date: /home/soethutun/midterm/install/rotate_pkg/include/rotate_pkg/rotate_pkg/msg
-- Installing: /home/soethutun/midterm/install/rotate_pkg/include/rotate_pkg/rotate_pkg/msg/rosidl_typesupport_fastrtps_c__visibility_control.h
-- Up-to-date: /home/soethutun/midterm/install/rotate_pkg/include/rotate_pkg/rotate_pkg/action
-- Up-to-date: /home/soethutun/midterm/install/rotate_pkg/include/rotate_pkg/rotate_pkg/action/detail
-- Installing: /home/soethutun/midterm/install/rotate_pkg/include/rotate_pkg/rotate_pkg/action/detail/rotate__rosidl_typesupport_fastrtps_c.h
-- Installing: /home/soethutun/midterm/install/rotate_pkg/lib/librotate_pkg__rosidl_typesupport_fastrtps_c.so
-- Set runtime path of "/home/soethutun/midterm/install/rotate_pkg/lib/librotate_pkg__rosidl_typesupport_fastrtps_c.so" to ""
-- Up-to-date: /home/soethutun/midterm/install/rotate_pkg/include/rotate_pkg/rotate_pkg
-- Up-to-date: /home/soethutun/midterm/install/rotate_pkg/include/rotate_pkg/rotate_pkg/msg
-- Installing: /home/soethutun/midterm/install/rotate_pkg/include/rotate_pkg/rotate_pkg/msg/rosidl_typesupport_introspection_c__visibility_control.h
-- Up-to-date: /home/soethutun/midterm/install/rotate_pkg/include/rotate_pkg/rotate_pkg/action
-- Up-to-date: /home/soethutun/midterm/install/rotate_pkg/include/rotate_pkg/rotate_pkg/action/detail
-- Installing: /home/soethutun/midterm/install/rotate_pkg/include/rotate_pkg/rotate_pkg/action/detail/rotate__rosidl_typesupport_introspection_c.h
-- Installing: /home/soethutun/midterm/install/rotate_pkg/include/rotate_pkg/rotate_pkg/action/detail/rotate__type_support.c
-- Installing: /home/soethutun/midterm/install/rotate_pkg/lib/librotate_pkg__rosidl_typesupport_introspection_c.so
-- Set runtime path of "/home/soethutun/midterm/install/rotate_pkg/lib/librotate_pkg__rosidl_typesupport_introspection_c.so" to ""
-- Installing: /home/soethutun/midterm/install/rotate_pkg/lib/librotate_pkg__rosidl_typesupport_c.so
-- Set runtime path of "/home/soethutun/midterm/install/rotate_pkg/lib/librotate_pkg__rosidl_typesupport_c.so" to ""
-- Up-to-date: /home/soethutun/midterm/install/rotate_pkg/include/rotate_pkg/rotate_pkg
-- Up-to-date: /home/soethutun/midterm/install/rotate_pkg/include/rotate_pkg/rotate_pkg/msg
-- Installing: /home/soethutun/midterm/install/rotate_pkg/include/rotate_pkg/rotate_pkg/msg/rosidl_generator_cpp__visibility_control.hpp
-- Up-to-date: /home/soethutun/midterm/install/rotate_pkg/include/rotate_pkg/rotate_pkg/action
-- Installing: /home/soethutun/midterm/install/rotate_pkg/include/rotate_pkg/rotate_pkg/action/rotate.hpp
-- Up-to-date: /home/soethutun/midterm/install/rotate_pkg/include/rotate_pkg/rotate_pkg/action/detail
-- Installing: /home/soethutun/midterm/install/rotate_pkg/include/rotate_pkg/rotate_pkg/action/detail/rotate__struct.hpp
-- Installing: /home/soethutun/midterm/install/rotate_pkg/include/rotate_pkg/rotate_pkg/action/detail/rotate__type_support.hpp
-- Installing: /home/soethutun/midterm/install/rotate_pkg/include/rotate_pkg/rotate_pkg/action/detail/rotate__builder.hpp
-- Installing: /home/soethutun/midterm/install/rotate_pkg/include/rotate_pkg/rotate_pkg/action/detail/rotate__traits.hpp
-- Up-to-date: /home/soethutun/midterm/install/rotate_pkg/include/rotate_pkg/rotate_pkg
-- Up-to-date: /home/soethutun/midterm/install/rotate_pkg/include/rotate_pkg/rotate_pkg/msg
-- Installing: /home/soethutun/midterm/install/rotate_pkg/include/rotate_pkg/rotate_pkg/msg/rosidl_typesupport_fastrtps_cpp__visibility_control.h
-- Up-to-date: /home/soethutun/midterm/install/rotate_pkg/include/rotate_pkg/rotate_pkg/action
-- Up-to-date: /home/soethutun/midterm/install/rotate_pkg/include/rotate_pkg/rotate_pkg/action/detail
-- Installing: /home/soethutun/midterm/install/rotate_pkg/include/rotate_pkg/rotate_pkg/action/detail/rotate__rosidl_typesupport_fastrtps_cpp.hpp
-- Installing: /home/soethutun/midterm/install/rotate_pkg/include/rotate_pkg/rotate_pkg/action/detail/dds_fastrtps
-- Installing: /home/soethutun/midterm/install/rotate_pkg/lib/librotate_pkg__rosidl_typesupport_fastrtps_cpp.so
-- Set runtime path of "/home/soethutun/midterm/install/rotate_pkg/lib/librotate_pkg__rosidl_typesupport_fastrtps_cpp.so" to ""
-- Up-to-date: /home/soethutun/midterm/install/rotate_pkg/include/rotate_pkg/rotate_pkg
-- Up-to-date: /home/soethutun/midterm/install/rotate_pkg/include/rotate_pkg/rotate_pkg/action
-- Up-to-date: /home/soethutun/midterm/install/rotate_pkg/include/rotate_pkg/rotate_pkg/action/detail
-- Installing: /home/soethutun/midterm/install/rotate_pkg/include/rotate_pkg/rotate_pkg/action/detail/rotate__type_support.cpp
-- Installing: /home/soethutun/midterm/install/rotate_pkg/include/rotate_pkg/rotate_pkg/action/detail/rotate__rosidl_typesupport_introspection_cpp.hpp
-- Installing: /home/soethutun/midterm/install/rotate_pkg/lib/librotate_pkg__rosidl_typesupport_introspection_cpp.so
-- Set runtime path of "/home/soethutun/midterm/install/rotate_pkg/lib/librotate_pkg__rosidl_typesupport_introspection_cpp.so" to ""
-- Installing: /home/soethutun/midterm/install/rotate_pkg/lib/librotate_pkg__rosidl_typesupport_cpp.so
-- Set runtime path of "/home/soethutun/midterm/install/rotate_pkg/lib/librotate_pkg__rosidl_typesupport_cpp.so" to ""
-- Installing: /home/soethutun/midterm/install/rotate_pkg/share/rotate_pkg/environment/pythonpath.sh
-- Installing: /home/soethutun/midterm/install/rotate_pkg/share/rotate_pkg/environment/pythonpath.dsv
-- Installing: /home/soethutun/midterm/install/rotate_pkg/local/lib/python3.10/dist-packages/rotate_pkg-0.0.0-py3.10.egg-info
-- Installing: /home/soethutun/midterm/install/rotate_pkg/local/lib/python3.10/dist-packages/rotate_pkg-0.0.0-py3.10.egg-info/PKG-INFO
-- Installing: /home/soethutun/midterm/install/rotate_pkg/local/lib/python3.10/dist-packages/rotate_pkg-0.0.0-py3.10.egg-info/dependency_links.txt
-- Installing: /home/soethutun/midterm/install/rotate_pkg/local/lib/python3.10/dist-packages/rotate_pkg-0.0.0-py3.10.egg-info/SOURCES.txt
-- Installing: /home/soethutun/midterm/install/rotate_pkg/local/lib/python3.10/dist-packages/rotate_pkg-0.0.0-py3.10.egg-info/top_level.txt
-- Installing: /home/soethutun/midterm/install/rotate_pkg/local/lib/python3.10/dist-packages/rotate_pkg
-- Installing: /home/soethutun/midterm/install/rotate_pkg/local/lib/python3.10/dist-packages/rotate_pkg/librotate_pkg__rosidl_generator_py.so
-- Installing: /home/soethutun/midterm/install/rotate_pkg/local/lib/python3.10/dist-packages/rotate_pkg/_rotate_pkg_s.ep.rosidl_typesupport_fastrtps_c.c
-- Installing: /home/soethutun/midterm/install/rotate_pkg/local/lib/python3.10/dist-packages/rotate_pkg/_rotate_pkg_s.ep.rosidl_typesupport_introspection_c.c
-- Installing: /home/soethutun/midterm/install/rotate_pkg/local/lib/python3.10/dist-packages/rotate_pkg/_rotate_pkg_s.ep.rosidl_typesupport_c.c
-- Installing: /home/soethutun/midterm/install/rotate_pkg/local/lib/python3.10/dist-packages/rotate_pkg/rotate_pkg_s__rosidl_typesupport_introspection_c.cpython-310-x86_64-linux-gnu.so
-- Installing: /home/soethutun/midterm/install/rotate_pkg/local/lib/python3.10/dist-packages/rotate_pkg/rotate_pkg_s__rosidl_typesupport_c.cpython-310-x86_64-linux-gnu.so
-- Installing: /home/soethutun/midterm/install/rotate_pkg/local/lib/python3.10/dist-packages/rotate_pkg/action
-- Installing: /home/soethutun/midterm/install/rotate_pkg/local/lib/python3.10/dist-packages/rotate_pkg/action/_rotate_s.c
-- Installing: /home/soethutun/midterm/install/rotate_pkg/local/lib/python3.10/dist-packages/rotate_pkg/action/_rotate.py
-- Installing: /home/soethutun/midterm/install/rotate_pkg/local/lib/python3.10/dist-packages/rotate_pkg/action/__init__.py
-- Installing: /home/soethutun/midterm/install/rotate_pkg/local/lib/python3.10/dist-packages/rotate_pkg/__init__.py
-- Installing: /home/soethutun/midterm/install/rotate_pkg/local/lib/python3.10/dist-packages/rotate_pkg/rotate_pkg_s__rosidl_typesupport_fastrtps_c.cpython-310-x86_64-linux-gnu.so
Listing '/home/soethutun/midterm/install/rotate_pkg/local/lib/python3.10/dist-packages/rotate_pkg'...
Compiling '/home/soethutun/midterm/install/rotate_pkg/local/lib/python3.10/dist-packages/rotate_pkg/__init__.py'...
Listing '/home/soethutun/midterm/install/rotate_pkg/local/lib/python3.10/dist-packages/rotate_pkg/action'...
Compiling '/home/soethutun/midterm/install/rotate_pkg/local/lib/python3.10/dist-packages/rotate_pkg/action/__init__.py'...
Compiling '/home/soethutun/midterm/install/rotate_pkg/local/lib/python3.10/dist-packages/rotate_pkg/action/_rotate.py'...
-- Installing: /home/soethutun/midterm/install/rotate_pkg/local/lib/python3.10/dist-packages/rotate_pkg/rotate_pkg_s__rosidl_typesupport_fastrtps_c.cpython-310-x86_64-linux-gnu.so
-- Set runtime path of "/home/soethutun/midterm/install/rotate_pkg/local/lib/python3.10/dist-packages/rotate_pkg/rotate_pkg_s__rosidl_typesupport_fastrtps_c.cpython-310-x86_64-linux-gnu.so" to ""
-- Installing: /home/soethutun/midterm/install/rotate_pkg/local/lib/python3.10/dist-packages/rotate_pkg/rotate_pkg_s__rosidl_typesupport_introspection_c.cpython-310-x86_64-linux-gnu.so
-- Set runtime path of "/home/soethutun/midterm/install/rotate_pkg/local/lib/python3.10/dist-packages/rotate_pkg/rotate_pkg_s__rosidl_typesupport_introspection_c.cpython-310-x86_64-linux-gnu.so" to ""
-- Installing: /home/soethutun/midterm/install/rotate_pkg/local/lib/python3.10/dist-packages/rotate_pkg/rotate_pkg_s__rosidl_typesupport_c.cpython-310-x86_64-linux-gnu.so
-- Set runtime path of "/home/soethutun/midterm/install/rotate_pkg/local/lib/python3.10/dist-packages/rotate_pkg/rotate_pkg_s__rosidl_typesupport_c.cpython-310-x86_64-linux-gnu.so" to ""
-- Installing: /home/soethutun/midterm/install/rotate_pkg/lib/librotate_pkg__rosidl_generator_py.so
-- Set runtime path of "/home/soethutun/midterm/install/rotate_pkg/lib/librotate_pkg__rosidl_generator_py.so" to ""
-- Installing: /home/soethutun/midterm/install/rotate_pkg/share/rotate_pkg/action/Rotate.idl
-- Installing: /home/soethutun/midterm/install/rotate_pkg/share/rotate_pkg/action/Rotate.action
-- Installing: /home/soethutun/midterm/install/rotate_pkg/share/ament_index/resource_index/package_run_dependencies/rotate_pkg
-- Installing: /home/soethutun/midterm/install/rotate_pkg/share/ament_index/resource_index/parent_prefix_path/rotate_pkg
-- Installing: /home/soethutun/midterm/install/rotate_pkg/share/rotate_pkg/environment/ament_prefix_path.sh
-- Installing: /home/soethutun/midterm/install/rotate_pkg/share/rotate_pkg/environment/ament_prefix_path.dsv
-- Installing: /home/soethutun/midterm/install/rotate_pkg/share/rotate_pkg/environment/path.sh
-- Installing: /home/soethutun/midterm/install/rotate_pkg/share/rotate_pkg/environment/path.dsv
-- Installing: /home/soethutun/midterm/install/rotate_pkg/share/rotate_pkg/local_setup.bash
-- Installing: /home/soethutun/midterm/install/rotate_pkg/share/rotate_pkg/local_setup.sh
-- Installing: /home/soethutun/midterm/install/rotate_pkg/share/rotate_pkg/local_setup.zsh
-- Installing: /home/soethutun/midterm/install/rotate_pkg/share/rotate_pkg/local_setup.dsv
-- Installing: /home/soethutun/midterm/install/rotate_pkg/share/rotate_pkg/package.dsv
-- Installing: /home/soethutun/midterm/install/rotate_pkg/share/ament_index/resource_index/packages/rotate_pkg
-- Installing: /home/soethutun/midterm/install/rotate_pkg/share/rotate_pkg/cmake/export_rotate_pkg__rosidl_generator_cExport.cmake
-- Installing: /home/soethutun/midterm/install/rotate_pkg/share/rotate_pkg/cmake/export_rotate_pkg__rosidl_generator_cExport-noconfig.cmake
-- Installing: /home/soethutun/midterm/install/rotate_pkg/share/rotate_pkg/cmake/export_rotate_pkg__rosidl_typesupport_fastrtps_cExport.cmake
-- Installing: /home/soethutun/midterm/install/rotate_pkg/share/rotate_pkg/cmake/export_rotate_pkg__rosidl_typesupport_fastrtps_cExport-noconfig.cmake
-- Installing: /home/soethutun/midterm/install/rotate_pkg/share/rotate_pkg/cmake/rotate_pkg__rosidl_typesupport_introspection_cExport.cmake
-- Installing: /home/soethutun/midterm/install/rotate_pkg/share/rotate_pkg/cmake/rotate_pkg__rosidl_typesupport_introspection_cExport-noconfig.cmake
-- Installing: /home/soethutun/midterm/install/rotate_pkg/share/rotate_pkg/cmake/rotate_pkg__rosidl_typesupport_cExport.cmake
-- Installing: /home/soethutun/midterm/install/rotate_pkg/share/rotate_pkg/cmake/rotate_pkg__rosidl_typesupport_cExport-noconfig.cmake
-- Installing: /home/soethutun/midterm/install/rotate_pkg/share/rotate_pkg/cmake/export_rotate_pkg__rosidl_generator_cppExport.cmake
-- Installing: /home/soethutun/midterm/install/rotate_pkg/share/rotate_pkg/cmake/export_rotate_pkg__rosidl_typesupport_fastrtps_cppExport.cmake
-- Installing: /home/soethutun/midterm/install/rotate_pkg/share/rotate_pkg/cmake/export_rotate_pkg__rosidl_typesupport_fastrtps_cppExport-noconfig.cmake
-- Installing: /home/soethutun/midterm/install/rotate_pkg/share/rotate_pkg/cmake/rotate_pkg__rosidl_typesupport_introspection_cppExport.cmake
-- Installing: /home/soethutun/midterm/install/rotate_pkg/share/rotate_pkg/cmake/rotate_pkg__rosidl_typesupport_introspection_cppExport-noconfig.cmake
-- Installing: /home/soethutun/midterm/install/rotate_pkg/share/rotate_pkg/cmake/rotate_pkg__rosidl_typesupport_cppExport.cmake
-- Installing: /home/soethutun/midterm/install/rotate_pkg/share/rotate_pkg/cmake/rotate_pkg__rosidl_typesupport_cppExport-noconfig.cmake
-- Installing: /home/soethutun/midterm/install/rotate_pkg/share/rotate_pkg/cmake/export_rotate_pkg__rosidl_generator_pyExport.cmake
-- Installing: /home/soethutun/midterm/install/rotate_pkg/share/rotate_pkg/cmake/export_rotate_pkg__rosidl_generator_pyExport-noconfig.cmake
-- Installing: /home/soethutun/midterm/install/rotate_pkg/share/rotate_pkg/cmake/rosidl_cmake-extras.cmake
-- Installing: /home/soethutun/midterm/install/rotate_pkg/share/rotate_pkg/cmake/ament_cmake_export_dependencies-extras.cmake
-- Installing: /home/soethutun/midterm/install/rotate_pkg/share/rotate_pkg/cmake/ament_cmake_export_include_directories-extras.cmake
-- Installing: /home/soethutun/midterm/install/rotate_pkg/share/rotate_pkg/cmake/ament_cmake_export_libraries-extras.cmake
-- Installing: /home/soethutun/midterm/install/rotate_pkg/share/rotate_pkg/cmake/ament_cmake_export_targets-extras.cmake
-- Installing: /home/soethutun/midterm/install/rotate_pkg/share/rotate_pkg/cmake/rosidl_cmake_export_typesupport_targets-extras.cmake
-- Installing: /home/soethutun/midterm/install/rotate_pkg/share/rotate_pkg/cmake/rosidl_cmake_export_typesupport_libraries-extras.cmake
-- Installing: /home/soethutun/midterm/install/rotate_pkg/share/rotate_pkg/cmake/rotate_pkgConfig.cmake
-- Installing: /home/soethutun/midterm/install/rotate_pkg/share/rotate_pkg/cmake/rotate_pkgConfig-version.cmake
-- Installing: /home/soethutun/midterm/install/rotate_pkg/share/rotate_pkg/package.xml
