[0.213s] Invoking command in '/home/soethutun/midterm/build/rotate_pkg': CMAKE_PREFIX_PATH=${CMAKE_PREFIX_PATH}:/home/soethutun/ros2_ws/install/tf_examples:/home/soethutun/ros2_ws/install/my_pkg:/home/soethutun/midterm/install/pkg1:/home/soethutun/workspace/install/my_robot_controller:/home/soethutun/workspace/install/exercises:/home/soethutun/turtlebot3_ws/install/turtlebot3_teleop:/home/soethutun/turtlebot3_ws/install/turtlebot3_example:/opt/ros/humble /usr/bin/cmake /home/soethutun/midterm/src/rotate_pkg -DCMAKE_INSTALL_PREFIX=/home/soethutun/midterm/install/rotate_pkg
[0.258s] -- The C compiler identification is GNU 11.4.0
[0.296s] -- The CXX compiler identification is GNU 11.4.0
[0.303s] -- Detecting C compiler ABI info
[0.355s] -- Detecting C compiler ABI info - done
[0.361s] -- Check for working C compiler: /usr/bin/cc - skipped
[0.361s] -- Detecting C compile features
[0.361s] -- Detecting C compile features - done
[0.363s] -- Detecting CXX compiler ABI info
[0.426s] -- Detecting CXX compiler ABI info - done
[0.436s] -- Check for working CXX compiler: /usr/bin/c++ - skipped
[0.437s] -- Detecting CXX compile features
[0.437s] -- Detecting CXX compile features - done
[0.442s] -- Found ament_cmake: 1.3.13 (/opt/ros/humble/share/ament_cmake/cmake)
[0.599s] -- Found Python3: /usr/bin/python3 (found version "3.10.12") found components: Interpreter 
[0.701s] -- Found ament_lint_auto: 0.12.15 (/opt/ros/humble/share/ament_lint_auto/cmake)
[0.778s] -- Found rosidl_default_generators: 1.2.0 (/opt/ros/humble/share/rosidl_default_generators/cmake)
[0.783s] -- Using all available rosidl_typesupport_c: rosidl_typesupport_fastrtps_c;rosidl_typesupport_introspection_c
[0.793s] -- Found rosidl_adapter: 3.1.8 (/opt/ros/humble/share/rosidl_adapter/cmake)
[0.838s] -- Using all available rosidl_typesupport_cpp: rosidl_typesupport_fastrtps_cpp;rosidl_typesupport_introspection_cpp
[1.059s] -- Found ament_cmake_ros: 0.10.0 (/opt/ros/humble/share/ament_cmake_ros/cmake)
[1.209s] -- Using all available rosidl_typesupport_c: rosidl_typesupport_fastrtps_c;rosidl_typesupport_introspection_c
[1.407s] -- Using all available rosidl_typesupport_cpp: rosidl_typesupport_fastrtps_cpp;rosidl_typesupport_introspection_cpp
[1.428s] -- Found PythonInterp: /usr/bin/python3 (found suitable version "3.10.12", minimum required is "3.6") 
[1.430s] -- Found python_cmake_module: 0.10.0 (/opt/ros/humble/share/python_cmake_module/cmake)
[1.453s] -- Found PythonLibs: /usr/lib/x86_64-linux-gnu/libpython3.10.so (found suitable version "3.10.12", minimum required is "3.5") 
[1.453s] -- Using PYTHON_EXECUTABLE: /usr/bin/python3
[1.453s] -- Using PYTHON_INCLUDE_DIRS: /usr/include/python3.10
[1.453s] -- Using PYTHON_LIBRARIES: /usr/lib/x86_64-linux-gnu/libpython3.10.so
[1.472s] -- Found PythonExtra: .so  
[1.516s] -- Added test 'lint_cmake' to check CMake code style
[1.516s] -- Added test 'xmllint' to check XML markup files
[1.520s] -- Configuring done
[1.542s] -- Generating done
[1.551s] -- Build files have been written to: /home/soethutun/midterm/build/rotate_pkg
[1.559s] Invoked command in '/home/soethutun/midterm/build/rotate_pkg' returned '0': CMAKE_PREFIX_PATH=${CMAKE_PREFIX_PATH}:/home/soethutun/ros2_ws/install/tf_examples:/home/soethutun/ros2_ws/install/my_pkg:/home/soethutun/midterm/install/pkg1:/home/soethutun/workspace/install/my_robot_controller:/home/soethutun/workspace/install/exercises:/home/soethutun/turtlebot3_ws/install/turtlebot3_teleop:/home/soethutun/turtlebot3_ws/install/turtlebot3_example:/opt/ros/humble /usr/bin/cmake /home/soethutun/midterm/src/rotate_pkg -DCMAKE_INSTALL_PREFIX=/home/soethutun/midterm/install/rotate_pkg
[1.561s] Invoking command in '/home/soethutun/midterm/build/rotate_pkg': CMAKE_PREFIX_PATH=${CMAKE_PREFIX_PATH}:/home/soethutun/ros2_ws/install/tf_examples:/home/soethutun/ros2_ws/install/my_pkg:/home/soethutun/midterm/install/pkg1:/home/soethutun/workspace/install/my_robot_controller:/home/soethutun/workspace/install/exercises:/home/soethutun/turtlebot3_ws/install/turtlebot3_teleop:/home/soethutun/turtlebot3_ws/install/turtlebot3_example:/opt/ros/humble /usr/bin/cmake --build /home/soethutun/midterm/build/rotate_pkg -- -j4 -l4
[1.596s] [  3%] [34m[1mGenerating C code for ROS interfaces[0m
[1.607s] [  6%] [34m[1mGenerating C++ code for ROS interfaces[0m
[1.614s] [  6%] Built target ament_cmake_python_copy_rotate_pkg
[1.850s] running egg_info
[1.851s] creating rotate_pkg.egg-info
[1.851s] writing rotate_pkg.egg-info/PKG-INFO
[1.851s] writing dependency_links to rotate_pkg.egg-info/dependency_links.txt
[1.851s] writing top-level names to rotate_pkg.egg-info/top_level.txt
[1.851s] writing manifest file 'rotate_pkg.egg-info/SOURCES.txt'
[1.853s] reading manifest file 'rotate_pkg.egg-info/SOURCES.txt'
[1.853s] writing manifest file 'rotate_pkg.egg-info/SOURCES.txt'
[1.879s] [  6%] Built target ament_cmake_python_build_rotate_pkg_egg
[2.216s] [  6%] Built target rotate_pkg__cpp
[2.219s] [  9%] [32mBuilding C object CMakeFiles/rotate_pkg__rosidl_generator_c.dir/rosidl_generator_c/rotate_pkg/action/detail/rotate__functions.c.o[0m
[2.229s] [ 16%] [34m[1mGenerating C++ type support dispatch for ROS interfaces[0m
[2.229s] [ 19%] [34m[1mGenerating C++ introspection for ROS interfaces[0m
[2.229s] [ 16%] [34m[1mGenerating C++ type support for eProsima Fast-RTPS[0m
[2.356s] [ 22%] [32m[1mLinking C shared library librotate_pkg__rosidl_generator_c.so[0m
[2.399s] [ 22%] Built target rotate_pkg__rosidl_generator_c
[2.409s] [ 25%] [34m[1mGenerating C type support for eProsima Fast-RTPS[0m
[2.616s] [ 29%] [32mBuilding CXX object CMakeFiles/rotate_pkg__rosidl_typesupport_cpp.dir/rosidl_typesupport_cpp/rotate_pkg/action/rotate__type_support.cpp.o[0m
[2.704s] [ 32%] [32mBuilding CXX object CMakeFiles/rotate_pkg__rosidl_typesupport_introspection_cpp.dir/rosidl_typesupport_introspection_cpp/rotate_pkg/action/detail/rotate__type_support.cpp.o[0m
[2.777s] [ 35%] [32mBuilding CXX object CMakeFiles/rotate_pkg__rosidl_typesupport_fastrtps_cpp.dir/rosidl_typesupport_fastrtps_cpp/rotate_pkg/action/detail/dds_fastrtps/rotate__type_support.cpp.o[0m
[2.942s] [ 38%] [32mBuilding CXX object CMakeFiles/rotate_pkg__rosidl_typesupport_fastrtps_c.dir/rosidl_typesupport_fastrtps_c/rotate_pkg/action/detail/rotate__type_support_c.cpp.o[0m
[3.092s] [ 41%] [32m[1mLinking CXX shared library librotate_pkg__rosidl_typesupport_cpp.so[0m
[3.142s] [ 41%] Built target rotate_pkg__rosidl_typesupport_cpp
[3.155s] [ 45%] [34m[1mGenerating C introspection for ROS interfaces[0m
[3.338s] [ 48%] [32m[1mLinking CXX shared library librotate_pkg__rosidl_typesupport_introspection_cpp.so[0m
[3.370s] [ 51%] [32m[1mLinking CXX shared library librotate_pkg__rosidl_typesupport_fastrtps_c.so[0m
[3.385s] [ 54%] [32m[1mLinking CXX shared library librotate_pkg__rosidl_typesupport_fastrtps_cpp.so[0m
[3.441s] [ 54%] Built target rotate_pkg__rosidl_typesupport_introspection_cpp
[3.456s] [ 58%] [34m[1mGenerating C type support dispatch for ROS interfaces[0m
[3.474s] [ 58%] Built target rotate_pkg__rosidl_typesupport_fastrtps_c
[3.483s] [ 58%] Built target rotate_pkg__rosidl_typesupport_fastrtps_cpp
[3.602s] [ 61%] [32mBuilding C object CMakeFiles/rotate_pkg__rosidl_typesupport_introspection_c.dir/rosidl_typesupport_introspection_c/rotate_pkg/action/detail/rotate__type_support.c.o[0m
[3.633s] [ 64%] [32m[1mLinking C shared library librotate_pkg__rosidl_typesupport_introspection_c.so[0m
[3.655s] [ 64%] Built target rotate_pkg__rosidl_typesupport_introspection_c
[3.701s] [ 67%] [32mBuilding CXX object CMakeFiles/rotate_pkg__rosidl_typesupport_c.dir/rosidl_typesupport_c/rotate_pkg/action/rotate__type_support.cpp.o[0m
[3.733s] [ 70%] [32m[1mLinking CXX shared library librotate_pkg__rosidl_typesupport_c.so[0m
[3.762s] [ 70%] Built target rotate_pkg__rosidl_typesupport_c
[3.776s] [ 70%] Built target rotate_pkg
[3.792s] [ 74%] [34m[1mGenerating Python code for ROS interfaces[0m
[4.315s] [ 74%] Built target rotate_pkg__py
[4.330s] [ 77%] [32mBuilding C object CMakeFiles/rotate_pkg__rosidl_generator_py.dir/rosidl_generator_py/rotate_pkg/action/_rotate_s.c.o[0m
[4.422s] [ 80%] [32m[1mLinking C shared library rosidl_generator_py/rotate_pkg/librotate_pkg__rosidl_generator_py.so[0m
[4.451s] [ 80%] Built target rotate_pkg__rosidl_generator_py
[4.469s] [ 83%] [32mBuilding C object CMakeFiles/rotate_pkg__rosidl_typesupport_introspection_c__pyext.dir/rosidl_generator_py/rotate_pkg/_rotate_pkg_s.ep.rosidl_typesupport_introspection_c.c.o[0m
[4.473s] [ 87%] [32mBuilding C object CMakeFiles/rotate_pkg__rosidl_typesupport_fastrtps_c__pyext.dir/rosidl_generator_py/rotate_pkg/_rotate_pkg_s.ep.rosidl_typesupport_fastrtps_c.c.o[0m
[4.473s] [ 90%] [32mBuilding C object CMakeFiles/rotate_pkg__rosidl_typesupport_c__pyext.dir/rosidl_generator_py/rotate_pkg/_rotate_pkg_s.ep.rosidl_typesupport_c.c.o[0m
[4.550s] [ 93%] [32m[1mLinking C shared library rosidl_generator_py/rotate_pkg/rotate_pkg_s__rosidl_typesupport_introspection_c.cpython-310-x86_64-linux-gnu.so[0m
[4.579s] [ 93%] Built target rotate_pkg__rosidl_typesupport_introspection_c__pyext
[4.601s] [100%] [32m[1mLinking C shared library rosidl_generator_py/rotate_pkg/rotate_pkg_s__rosidl_typesupport_c.cpython-310-x86_64-linux-gnu.so[0m
[4.601s] [100%] [32m[1mLinking C shared library rosidl_generator_py/rotate_pkg/rotate_pkg_s__rosidl_typesupport_fastrtps_c.cpython-310-x86_64-linux-gnu.so[0m
[4.630s] [100%] Built target rotate_pkg__rosidl_typesupport_fastrtps_c__pyext
[4.631s] [100%] Built target rotate_pkg__rosidl_typesupport_c__pyext
[4.640s] Invoked command in '/home/soethutun/midterm/build/rotate_pkg' returned '0': CMAKE_PREFIX_PATH=${CMAKE_PREFIX_PATH}:/home/soethutun/ros2_ws/install/tf_examples:/home/soethutun/ros2_ws/install/my_pkg:/home/soethutun/midterm/install/pkg1:/home/soethutun/workspace/install/my_robot_controller:/home/soethutun/workspace/install/exercises:/home/soethutun/turtlebot3_ws/install/turtlebot3_teleop:/home/soethutun/turtlebot3_ws/install/turtlebot3_example:/opt/ros/humble /usr/bin/cmake --build /home/soethutun/midterm/build/rotate_pkg -- -j4 -l4
[4.648s] Invoking command in '/home/soethutun/midterm/build/rotate_pkg': CMAKE_PREFIX_PATH=${CMAKE_PREFIX_PATH}:/home/soethutun/ros2_ws/install/tf_examples:/home/soethutun/ros2_ws/install/my_pkg:/home/soethutun/midterm/install/pkg1:/home/soethutun/workspace/install/my_robot_controller:/home/soethutun/workspace/install/exercises:/home/soethutun/turtlebot3_ws/install/turtlebot3_teleop:/home/soethutun/turtlebot3_ws/install/turtlebot3_example:/opt/ros/humble /usr/bin/cmake --install /home/soethutun/midterm/build/rotate_pkg
[4.654s] -- Install configuration: ""
[4.654s] -- Installing: /home/soethutun/midterm/install/rotate_pkg/share/ament_index/resource_index/rosidl_interfaces/rotate_pkg
[4.654s] -- Installing: /home/soethutun/midterm/install/rotate_pkg/include/rotate_pkg/rotate_pkg
[4.654s] -- Installing: /home/soethutun/midterm/install/rotate_pkg/include/rotate_pkg/rotate_pkg/msg
[4.654s] -- Installing: /home/soethutun/midterm/install/rotate_pkg/include/rotate_pkg/rotate_pkg/msg/rosidl_generator_c__visibility_control.h
[4.654s] -- Installing: /home/soethutun/midterm/install/rotate_pkg/include/rotate_pkg/rotate_pkg/action
[4.654s] -- Installing: /home/soethutun/midterm/install/rotate_pkg/include/rotate_pkg/rotate_pkg/action/rotate.h
[4.654s] -- Installing: /home/soethutun/midterm/install/rotate_pkg/include/rotate_pkg/rotate_pkg/action/detail
[4.654s] -- Installing: /home/soethutun/midterm/install/rotate_pkg/include/rotate_pkg/rotate_pkg/action/detail/rotate__struct.h
[4.654s] -- Installing: /home/soethutun/midterm/install/rotate_pkg/include/rotate_pkg/rotate_pkg/action/detail/rotate__functions.c
[4.654s] -- Installing: /home/soethutun/midterm/install/rotate_pkg/include/rotate_pkg/rotate_pkg/action/detail/rotate__type_support.h
[4.654s] -- Installing: /home/soethutun/midterm/install/rotate_pkg/include/rotate_pkg/rotate_pkg/action/detail/rotate__functions.h
[4.655s] -- Installing: /home/soethutun/midterm/install/rotate_pkg/share/rotate_pkg/environment/library_path.sh
[4.655s] -- Installing: /home/soethutun/midterm/install/rotate_pkg/share/rotate_pkg/environment/library_path.dsv
[4.655s] -- Installing: /home/soethutun/midterm/install/rotate_pkg/lib/librotate_pkg__rosidl_generator_c.so
[4.655s] -- Set runtime path of "/home/soethutun/midterm/install/rotate_pkg/lib/librotate_pkg__rosidl_generator_c.so" to ""
[4.655s] -- Up-to-date: /home/soethutun/midterm/install/rotate_pkg/include/rotate_pkg/rotate_pkg
[4.655s] -- Up-to-date: /home/soethutun/midterm/install/rotate_pkg/include/rotate_pkg/rotate_pkg/msg
[4.655s] -- Installing: /home/soethutun/midterm/install/rotate_pkg/include/rotate_pkg/rotate_pkg/msg/rosidl_typesupport_fastrtps_c__visibility_control.h
[4.655s] -- Up-to-date: /home/soethutun/midterm/install/rotate_pkg/include/rotate_pkg/rotate_pkg/action
[4.655s] -- Up-to-date: /home/soethutun/midterm/install/rotate_pkg/include/rotate_pkg/rotate_pkg/action/detail
[4.655s] -- Installing: /home/soethutun/midterm/install/rotate_pkg/include/rotate_pkg/rotate_pkg/action/detail/rotate__rosidl_typesupport_fastrtps_c.h
[4.655s] -- Installing: /home/soethutun/midterm/install/rotate_pkg/lib/librotate_pkg__rosidl_typesupport_fastrtps_c.so
[4.655s] -- Set runtime path of "/home/soethutun/midterm/install/rotate_pkg/lib/librotate_pkg__rosidl_typesupport_fastrtps_c.so" to ""
[4.656s] -- Up-to-date: /home/soethutun/midterm/install/rotate_pkg/include/rotate_pkg/rotate_pkg
[4.656s] -- Up-to-date: /home/soethutun/midterm/install/rotate_pkg/include/rotate_pkg/rotate_pkg/msg
[4.656s] -- Installing: /home/soethutun/midterm/install/rotate_pkg/include/rotate_pkg/rotate_pkg/msg/rosidl_typesupport_introspection_c__visibility_control.h
[4.656s] -- Up-to-date: /home/soethutun/midterm/install/rotate_pkg/include/rotate_pkg/rotate_pkg/action
[4.656s] -- Up-to-date: /home/soethutun/midterm/install/rotate_pkg/include/rotate_pkg/rotate_pkg/action/detail
[4.656s] -- Installing: /home/soethutun/midterm/install/rotate_pkg/include/rotate_pkg/rotate_pkg/action/detail/rotate__rosidl_typesupport_introspection_c.h
[4.656s] -- Installing: /home/soethutun/midterm/install/rotate_pkg/include/rotate_pkg/rotate_pkg/action/detail/rotate__type_support.c
[4.656s] -- Installing: /home/soethutun/midterm/install/rotate_pkg/lib/librotate_pkg__rosidl_typesupport_introspection_c.so
[4.656s] -- Set runtime path of "/home/soethutun/midterm/install/rotate_pkg/lib/librotate_pkg__rosidl_typesupport_introspection_c.so" to ""
[4.656s] -- Installing: /home/soethutun/midterm/install/rotate_pkg/lib/librotate_pkg__rosidl_typesupport_c.so
[4.656s] -- Set runtime path of "/home/soethutun/midterm/install/rotate_pkg/lib/librotate_pkg__rosidl_typesupport_c.so" to ""
[4.656s] -- Up-to-date: /home/soethutun/midterm/install/rotate_pkg/include/rotate_pkg/rotate_pkg
[4.656s] -- Up-to-date: /home/soethutun/midterm/install/rotate_pkg/include/rotate_pkg/rotate_pkg/msg
[4.656s] -- Installing: /home/soethutun/midterm/install/rotate_pkg/include/rotate_pkg/rotate_pkg/msg/rosidl_generator_cpp__visibility_control.hpp
[4.656s] -- Up-to-date: /home/soethutun/midterm/install/rotate_pkg/include/rotate_pkg/rotate_pkg/action
[4.657s] -- Installing: /home/soethutun/midterm/install/rotate_pkg/include/rotate_pkg/rotate_pkg/action/rotate.hpp
[4.657s] -- Up-to-date: /home/soethutun/midterm/install/rotate_pkg/include/rotate_pkg/rotate_pkg/action/detail
[4.657s] -- Installing: /home/soethutun/midterm/install/rotate_pkg/include/rotate_pkg/rotate_pkg/action/detail/rotate__struct.hpp
[4.657s] -- Installing: /home/soethutun/midterm/install/rotate_pkg/include/rotate_pkg/rotate_pkg/action/detail/rotate__type_support.hpp
[4.657s] -- Installing: /home/soethutun/midterm/install/rotate_pkg/include/rotate_pkg/rotate_pkg/action/detail/rotate__builder.hpp
[4.657s] -- Installing: /home/soethutun/midterm/install/rotate_pkg/include/rotate_pkg/rotate_pkg/action/detail/rotate__traits.hpp
[4.657s] -- Up-to-date: /home/soethutun/midterm/install/rotate_pkg/include/rotate_pkg/rotate_pkg
[4.657s] -- Up-to-date: /home/soethutun/midterm/install/rotate_pkg/include/rotate_pkg/rotate_pkg/msg
[4.657s] -- Installing: /home/soethutun/midterm/install/rotate_pkg/include/rotate_pkg/rotate_pkg/msg/rosidl_typesupport_fastrtps_cpp__visibility_control.h
[4.657s] -- Up-to-date: /home/soethutun/midterm/install/rotate_pkg/include/rotate_pkg/rotate_pkg/action
[4.657s] -- Up-to-date: /home/soethutun/midterm/install/rotate_pkg/include/rotate_pkg/rotate_pkg/action/detail
[4.657s] -- Installing: /home/soethutun/midterm/install/rotate_pkg/include/rotate_pkg/rotate_pkg/action/detail/rotate__rosidl_typesupport_fastrtps_cpp.hpp
[4.657s] -- Installing: /home/soethutun/midterm/install/rotate_pkg/include/rotate_pkg/rotate_pkg/action/detail/dds_fastrtps
[4.657s] -- Installing: /home/soethutun/midterm/install/rotate_pkg/lib/librotate_pkg__rosidl_typesupport_fastrtps_cpp.so
[4.657s] -- Set runtime path of "/home/soethutun/midterm/install/rotate_pkg/lib/librotate_pkg__rosidl_typesupport_fastrtps_cpp.so" to ""
[4.657s] -- Up-to-date: /home/soethutun/midterm/install/rotate_pkg/include/rotate_pkg/rotate_pkg
[4.658s] -- Up-to-date: /home/soethutun/midterm/install/rotate_pkg/include/rotate_pkg/rotate_pkg/action
[4.658s] -- Up-to-date: /home/soethutun/midterm/install/rotate_pkg/include/rotate_pkg/rotate_pkg/action/detail
[4.658s] -- Installing: /home/soethutun/midterm/install/rotate_pkg/include/rotate_pkg/rotate_pkg/action/detail/rotate__type_support.cpp
[4.658s] -- Installing: /home/soethutun/midterm/install/rotate_pkg/include/rotate_pkg/rotate_pkg/action/detail/rotate__rosidl_typesupport_introspection_cpp.hpp
[4.658s] -- Installing: /home/soethutun/midterm/install/rotate_pkg/lib/librotate_pkg__rosidl_typesupport_introspection_cpp.so
[4.658s] -- Set runtime path of "/home/soethutun/midterm/install/rotate_pkg/lib/librotate_pkg__rosidl_typesupport_introspection_cpp.so" to ""
[4.658s] -- Installing: /home/soethutun/midterm/install/rotate_pkg/lib/librotate_pkg__rosidl_typesupport_cpp.so
[4.658s] -- Set runtime path of "/home/soethutun/midterm/install/rotate_pkg/lib/librotate_pkg__rosidl_typesupport_cpp.so" to ""
[4.658s] -- Installing: /home/soethutun/midterm/install/rotate_pkg/share/rotate_pkg/environment/pythonpath.sh
[4.658s] -- Installing: /home/soethutun/midterm/install/rotate_pkg/share/rotate_pkg/environment/pythonpath.dsv
[4.658s] -- Installing: /home/soethutun/midterm/install/rotate_pkg/local/lib/python3.10/dist-packages/rotate_pkg-0.0.0-py3.10.egg-info
[4.658s] -- Installing: /home/soethutun/midterm/install/rotate_pkg/local/lib/python3.10/dist-packages/rotate_pkg-0.0.0-py3.10.egg-info/PKG-INFO
[4.658s] -- Installing: /home/soethutun/midterm/install/rotate_pkg/local/lib/python3.10/dist-packages/rotate_pkg-0.0.0-py3.10.egg-info/dependency_links.txt
[4.658s] -- Installing: /home/soethutun/midterm/install/rotate_pkg/local/lib/python3.10/dist-packages/rotate_pkg-0.0.0-py3.10.egg-info/SOURCES.txt
[4.658s] -- Installing: /home/soethutun/midterm/install/rotate_pkg/local/lib/python3.10/dist-packages/rotate_pkg-0.0.0-py3.10.egg-info/top_level.txt
[4.658s] -- Installing: /home/soethutun/midterm/install/rotate_pkg/local/lib/python3.10/dist-packages/rotate_pkg
[4.659s] -- Installing: /home/soethutun/midterm/install/rotate_pkg/local/lib/python3.10/dist-packages/rotate_pkg/librotate_pkg__rosidl_generator_py.so
[4.659s] -- Installing: /home/soethutun/midterm/install/rotate_pkg/local/lib/python3.10/dist-packages/rotate_pkg/_rotate_pkg_s.ep.rosidl_typesupport_fastrtps_c.c
[4.659s] -- Installing: /home/soethutun/midterm/install/rotate_pkg/local/lib/python3.10/dist-packages/rotate_pkg/_rotate_pkg_s.ep.rosidl_typesupport_introspection_c.c
[4.659s] -- Installing: /home/soethutun/midterm/install/rotate_pkg/local/lib/python3.10/dist-packages/rotate_pkg/_rotate_pkg_s.ep.rosidl_typesupport_c.c
[4.659s] -- Installing: /home/soethutun/midterm/install/rotate_pkg/local/lib/python3.10/dist-packages/rotate_pkg/rotate_pkg_s__rosidl_typesupport_introspection_c.cpython-310-x86_64-linux-gnu.so
[4.659s] -- Installing: /home/soethutun/midterm/install/rotate_pkg/local/lib/python3.10/dist-packages/rotate_pkg/rotate_pkg_s__rosidl_typesupport_c.cpython-310-x86_64-linux-gnu.so
[4.659s] -- Installing: /home/soethutun/midterm/install/rotate_pkg/local/lib/python3.10/dist-packages/rotate_pkg/action
[4.659s] -- Installing: /home/soethutun/midterm/install/rotate_pkg/local/lib/python3.10/dist-packages/rotate_pkg/action/_rotate_s.c
[4.659s] -- Installing: /home/soethutun/midterm/install/rotate_pkg/local/lib/python3.10/dist-packages/rotate_pkg/action/_rotate.py
[4.659s] -- Installing: /home/soethutun/midterm/install/rotate_pkg/local/lib/python3.10/dist-packages/rotate_pkg/action/__init__.py
[4.659s] -- Installing: /home/soethutun/midterm/install/rotate_pkg/local/lib/python3.10/dist-packages/rotate_pkg/__init__.py
[4.659s] -- Installing: /home/soethutun/midterm/install/rotate_pkg/local/lib/python3.10/dist-packages/rotate_pkg/rotate_pkg_s__rosidl_typesupport_fastrtps_c.cpython-310-x86_64-linux-gnu.so
[4.691s] Listing '/home/soethutun/midterm/install/rotate_pkg/local/lib/python3.10/dist-packages/rotate_pkg'...
[4.691s] Compiling '/home/soethutun/midterm/install/rotate_pkg/local/lib/python3.10/dist-packages/rotate_pkg/__init__.py'...
[4.691s] Listing '/home/soethutun/midterm/install/rotate_pkg/local/lib/python3.10/dist-packages/rotate_pkg/action'...
[4.691s] Compiling '/home/soethutun/midterm/install/rotate_pkg/local/lib/python3.10/dist-packages/rotate_pkg/action/__init__.py'...
[4.691s] Compiling '/home/soethutun/midterm/install/rotate_pkg/local/lib/python3.10/dist-packages/rotate_pkg/action/_rotate.py'...
[4.694s] -- Installing: /home/soethutun/midterm/install/rotate_pkg/local/lib/python3.10/dist-packages/rotate_pkg/rotate_pkg_s__rosidl_typesupport_fastrtps_c.cpython-310-x86_64-linux-gnu.so
[4.694s] -- Set runtime path of "/home/soethutun/midterm/install/rotate_pkg/local/lib/python3.10/dist-packages/rotate_pkg/rotate_pkg_s__rosidl_typesupport_fastrtps_c.cpython-310-x86_64-linux-gnu.so" to ""
[4.694s] -- Installing: /home/soethutun/midterm/install/rotate_pkg/local/lib/python3.10/dist-packages/rotate_pkg/rotate_pkg_s__rosidl_typesupport_introspection_c.cpython-310-x86_64-linux-gnu.so
[4.694s] -- Set runtime path of "/home/soethutun/midterm/install/rotate_pkg/local/lib/python3.10/dist-packages/rotate_pkg/rotate_pkg_s__rosidl_typesupport_introspection_c.cpython-310-x86_64-linux-gnu.so" to ""
[4.694s] -- Installing: /home/soethutun/midterm/install/rotate_pkg/local/lib/python3.10/dist-packages/rotate_pkg/rotate_pkg_s__rosidl_typesupport_c.cpython-310-x86_64-linux-gnu.so
[4.695s] -- Set runtime path of "/home/soethutun/midterm/install/rotate_pkg/local/lib/python3.10/dist-packages/rotate_pkg/rotate_pkg_s__rosidl_typesupport_c.cpython-310-x86_64-linux-gnu.so" to ""
[4.695s] -- Installing: /home/soethutun/midterm/install/rotate_pkg/lib/librotate_pkg__rosidl_generator_py.so
[4.695s] -- Set runtime path of "/home/soethutun/midterm/install/rotate_pkg/lib/librotate_pkg__rosidl_generator_py.so" to ""
[4.695s] -- Installing: /home/soethutun/midterm/install/rotate_pkg/share/rotate_pkg/action/Rotate.idl
[4.695s] -- Installing: /home/soethutun/midterm/install/rotate_pkg/share/rotate_pkg/action/Rotate.action
[4.695s] -- Installing: /home/soethutun/midterm/install/rotate_pkg/share/ament_index/resource_index/package_run_dependencies/rotate_pkg
[4.695s] -- Installing: /home/soethutun/midterm/install/rotate_pkg/share/ament_index/resource_index/parent_prefix_path/rotate_pkg
[4.695s] -- Installing: /home/soethutun/midterm/install/rotate_pkg/share/rotate_pkg/environment/ament_prefix_path.sh
[4.695s] -- Installing: /home/soethutun/midterm/install/rotate_pkg/share/rotate_pkg/environment/ament_prefix_path.dsv
[4.695s] -- Installing: /home/soethutun/midterm/install/rotate_pkg/share/rotate_pkg/environment/path.sh
[4.695s] -- Installing: /home/soethutun/midterm/install/rotate_pkg/share/rotate_pkg/environment/path.dsv
[4.695s] -- Installing: /home/soethutun/midterm/install/rotate_pkg/share/rotate_pkg/local_setup.bash
[4.695s] -- Installing: /home/soethutun/midterm/install/rotate_pkg/share/rotate_pkg/local_setup.sh
[4.696s] -- Installing: /home/soethutun/midterm/install/rotate_pkg/share/rotate_pkg/local_setup.zsh
[4.696s] -- Installing: /home/soethutun/midterm/install/rotate_pkg/share/rotate_pkg/local_setup.dsv
[4.696s] -- Installing: /home/soethutun/midterm/install/rotate_pkg/share/rotate_pkg/package.dsv
[4.696s] -- Installing: /home/soethutun/midterm/install/rotate_pkg/share/ament_index/resource_index/packages/rotate_pkg
[4.696s] -- Installing: /home/soethutun/midterm/install/rotate_pkg/share/rotate_pkg/cmake/export_rotate_pkg__rosidl_generator_cExport.cmake
[4.696s] -- Installing: /home/soethutun/midterm/install/rotate_pkg/share/rotate_pkg/cmake/export_rotate_pkg__rosidl_generator_cExport-noconfig.cmake
[4.696s] -- Installing: /home/soethutun/midterm/install/rotate_pkg/share/rotate_pkg/cmake/export_rotate_pkg__rosidl_typesupport_fastrtps_cExport.cmake
[4.696s] -- Installing: /home/soethutun/midterm/install/rotate_pkg/share/rotate_pkg/cmake/export_rotate_pkg__rosidl_typesupport_fastrtps_cExport-noconfig.cmake
[4.696s] -- Installing: /home/soethutun/midterm/install/rotate_pkg/share/rotate_pkg/cmake/rotate_pkg__rosidl_typesupport_introspection_cExport.cmake
[4.696s] -- Installing: /home/soethutun/midterm/install/rotate_pkg/share/rotate_pkg/cmake/rotate_pkg__rosidl_typesupport_introspection_cExport-noconfig.cmake
[4.696s] -- Installing: /home/soethutun/midterm/install/rotate_pkg/share/rotate_pkg/cmake/rotate_pkg__rosidl_typesupport_cExport.cmake
[4.696s] -- Installing: /home/soethutun/midterm/install/rotate_pkg/share/rotate_pkg/cmake/rotate_pkg__rosidl_typesupport_cExport-noconfig.cmake
[4.696s] -- Installing: /home/soethutun/midterm/install/rotate_pkg/share/rotate_pkg/cmake/export_rotate_pkg__rosidl_generator_cppExport.cmake
[4.696s] -- Installing: /home/soethutun/midterm/install/rotate_pkg/share/rotate_pkg/cmake/export_rotate_pkg__rosidl_typesupport_fastrtps_cppExport.cmake
[4.697s] -- Installing: /home/soethutun/midterm/install/rotate_pkg/share/rotate_pkg/cmake/export_rotate_pkg__rosidl_typesupport_fastrtps_cppExport-noconfig.cmake
[4.697s] -- Installing: /home/soethutun/midterm/install/rotate_pkg/share/rotate_pkg/cmake/rotate_pkg__rosidl_typesupport_introspection_cppExport.cmake
[4.697s] -- Installing: /home/soethutun/midterm/install/rotate_pkg/share/rotate_pkg/cmake/rotate_pkg__rosidl_typesupport_introspection_cppExport-noconfig.cmake
[4.697s] -- Installing: /home/soethutun/midterm/install/rotate_pkg/share/rotate_pkg/cmake/rotate_pkg__rosidl_typesupport_cppExport.cmake
[4.697s] -- Installing: /home/soethutun/midterm/install/rotate_pkg/share/rotate_pkg/cmake/rotate_pkg__rosidl_typesupport_cppExport-noconfig.cmake
[4.697s] -- Installing: /home/soethutun/midterm/install/rotate_pkg/share/rotate_pkg/cmake/export_rotate_pkg__rosidl_generator_pyExport.cmake
[4.697s] -- Installing: /home/soethutun/midterm/install/rotate_pkg/share/rotate_pkg/cmake/export_rotate_pkg__rosidl_generator_pyExport-noconfig.cmake
[4.697s] -- Installing: /home/soethutun/midterm/install/rotate_pkg/share/rotate_pkg/cmake/rosidl_cmake-extras.cmake
[4.697s] -- Installing: /home/soethutun/midterm/install/rotate_pkg/share/rotate_pkg/cmake/ament_cmake_export_dependencies-extras.cmake
[4.697s] -- Installing: /home/soethutun/midterm/install/rotate_pkg/share/rotate_pkg/cmake/ament_cmake_export_include_directories-extras.cmake
[4.697s] -- Installing: /home/soethutun/midterm/install/rotate_pkg/share/rotate_pkg/cmake/ament_cmake_export_libraries-extras.cmake
[4.697s] -- Installing: /home/soethutun/midterm/install/rotate_pkg/share/rotate_pkg/cmake/ament_cmake_export_targets-extras.cmake
[4.697s] -- Installing: /home/soethutun/midterm/install/rotate_pkg/share/rotate_pkg/cmake/rosidl_cmake_export_typesupport_targets-extras.cmake
[4.697s] -- Installing: /home/soethutun/midterm/install/rotate_pkg/share/rotate_pkg/cmake/rosidl_cmake_export_typesupport_libraries-extras.cmake
[4.697s] -- Installing: /home/soethutun/midterm/install/rotate_pkg/share/rotate_pkg/cmake/rotate_pkgConfig.cmake
[4.698s] -- Installing: /home/soethutun/midterm/install/rotate_pkg/share/rotate_pkg/cmake/rotate_pkgConfig-version.cmake
[4.698s] -- Installing: /home/soethutun/midterm/install/rotate_pkg/share/rotate_pkg/package.xml
[4.700s] Invoked command in '/home/soethutun/midterm/build/rotate_pkg' returned '0': CMAKE_PREFIX_PATH=${CMAKE_PREFIX_PATH}:/home/soethutun/ros2_ws/install/tf_examples:/home/soethutun/ros2_ws/install/my_pkg:/home/soethutun/midterm/install/pkg1:/home/soethutun/workspace/install/my_robot_controller:/home/soethutun/workspace/install/exercises:/home/soethutun/turtlebot3_ws/install/turtlebot3_teleop:/home/soethutun/turtlebot3_ws/install/turtlebot3_example:/opt/ros/humble /usr/bin/cmake --install /home/soethutun/midterm/build/rotate_pkg
