[0.121s] DEBUG:colcon:Command line arguments: ['/usr/bin/colcon', 'build']
[0.121s] DEBUG:colcon:Parsed command line arguments: Namespace(log_base=None, log_level=None, verb_name='build', build_base='build', install_base='install', merge_install=False, symlink_install=False, test_result_base=None, continue_on_error=False, executor='parallel', parallel_workers=4, event_handlers=None, ignore_user_meta=False, metas=['./colcon.meta'], base_paths=['.'], packages_ignore=None, packages_ignore_regex=None, paths=None, packages_up_to=None, packages_up_to_regex=None, packages_above=None, packages_above_and_dependencies=None, packages_above_depth=None, packages_select_by_dep=None, packages_skip_by_dep=None, packages_skip_up_to=None, packages_select_build_failed=False, packages_skip_build_finished=False, packages_select_test_failures=False, packages_skip_test_passed=False, packages_select=None, packages_skip=None, packages_select_regex=None, packages_skip_regex=None, packages_start=None, packages_end=None, allow_overriding=[], cmake_args=None, cmake_target=None, cmake_target_skip_unavailable=False, cmake_clean_cache=False, cmake_clean_first=False, cmake_force_configure=False, ament_cmake_args=None, catkin_cmake_args=None, catkin_skip_building_tests=False, mixin_files=None, mixin=None, verb_parser=<colcon_mixin.mixin.mixin_argument.MixinArgumentDecorator object at 0x77aea2485600>, verb_extension=<colcon_core.verb.build.BuildVerb object at 0x77aea24850f0>, main=<bound method BuildVerb.main of <colcon_core.verb.build.BuildVerb object at 0x77aea24850f0>>, mixin_verb=('build',))
[0.276s] Level 1:colcon.colcon_core.package_discovery:discover_packages(colcon_meta) check parameters
[0.277s] Level 1:colcon.colcon_core.package_discovery:discover_packages(recursive) check parameters
[0.277s] Level 1:colcon.colcon_core.package_discovery:discover_packages(ignore) check parameters
[0.277s] Level 1:colcon.colcon_core.package_discovery:discover_packages(path) check parameters
[0.277s] Level 1:colcon.colcon_core.package_discovery:discover_packages(colcon_meta) discover
[0.277s] Level 1:colcon.colcon_core.package_discovery:discover_packages(recursive) discover
[0.277s] INFO:colcon.colcon_core.package_discovery:Crawling recursively for packages in '/home/soethutun/midterm'
[0.277s] Level 1:colcon.colcon_core.package_identification:_identify(.) by extensions ['ignore', 'ignore_ament_install']
[0.277s] Level 1:colcon.colcon_core.package_identification:_identify(.) by extension 'ignore'
[0.277s] Level 1:colcon.colcon_core.package_identification:_identify(.) by extension 'ignore_ament_install'
[0.277s] Level 1:colcon.colcon_core.package_identification:_identify(.) by extensions ['colcon_pkg']
[0.277s] Level 1:colcon.colcon_core.package_identification:_identify(.) by extension 'colcon_pkg'
[0.277s] Level 1:colcon.colcon_core.package_identification:_identify(.) by extensions ['colcon_meta']
[0.277s] Level 1:colcon.colcon_core.package_identification:_identify(.) by extension 'colcon_meta'
[0.277s] Level 1:colcon.colcon_core.package_identification:_identify(.) by extensions ['ros']
[0.277s] Level 1:colcon.colcon_core.package_identification:_identify(.) by extension 'ros'
[0.300s] Level 1:colcon.colcon_core.package_identification:_identify(.) by extensions ['cmake', 'python']
[0.300s] Level 1:colcon.colcon_core.package_identification:_identify(.) by extension 'cmake'
[0.300s] Level 1:colcon.colcon_core.package_identification:_identify(.) by extension 'python'
[0.300s] Level 1:colcon.colcon_core.package_identification:_identify(.) by extensions ['python_setup_py']
[0.300s] Level 1:colcon.colcon_core.package_identification:_identify(.) by extension 'python_setup_py'
[0.301s] Level 1:colcon.colcon_core.package_identification:_identify(build) by extensions ['ignore', 'ignore_ament_install']
[0.301s] Level 1:colcon.colcon_core.package_identification:_identify(build) by extension 'ignore'
[0.301s] Level 1:colcon.colcon_core.package_identification:_identify(build) ignored
[0.301s] Level 1:colcon.colcon_core.package_identification:_identify(install) by extensions ['ignore', 'ignore_ament_install']
[0.301s] Level 1:colcon.colcon_core.package_identification:_identify(install) by extension 'ignore'
[0.301s] Level 1:colcon.colcon_core.package_identification:_identify(install) ignored
[0.301s] Level 1:colcon.colcon_core.package_identification:_identify(log) by extensions ['ignore', 'ignore_ament_install']
[0.301s] Level 1:colcon.colcon_core.package_identification:_identify(log) by extension 'ignore'
[0.301s] Level 1:colcon.colcon_core.package_identification:_identify(log) ignored
[0.301s] Level 1:colcon.colcon_core.package_identification:_identify(src) by extensions ['ignore', 'ignore_ament_install']
[0.301s] Level 1:colcon.colcon_core.package_identification:_identify(src) by extension 'ignore'
[0.301s] Level 1:colcon.colcon_core.package_identification:_identify(src) by extension 'ignore_ament_install'
[0.301s] Level 1:colcon.colcon_core.package_identification:_identify(src) by extensions ['colcon_pkg']
[0.301s] Level 1:colcon.colcon_core.package_identification:_identify(src) by extension 'colcon_pkg'
[0.301s] Level 1:colcon.colcon_core.package_identification:_identify(src) by extensions ['colcon_meta']
[0.301s] Level 1:colcon.colcon_core.package_identification:_identify(src) by extension 'colcon_meta'
[0.302s] Level 1:colcon.colcon_core.package_identification:_identify(src) by extensions ['ros']
[0.302s] Level 1:colcon.colcon_core.package_identification:_identify(src) by extension 'ros'
[0.302s] Level 1:colcon.colcon_core.package_identification:_identify(src) by extensions ['cmake', 'python']
[0.302s] Level 1:colcon.colcon_core.package_identification:_identify(src) by extension 'cmake'
[0.302s] Level 1:colcon.colcon_core.package_identification:_identify(src) by extension 'python'
[0.302s] Level 1:colcon.colcon_core.package_identification:_identify(src) by extensions ['python_setup_py']
[0.302s] Level 1:colcon.colcon_core.package_identification:_identify(src) by extension 'python_setup_py'
[0.302s] Level 1:colcon.colcon_core.package_identification:_identify(src/build) by extensions ['ignore', 'ignore_ament_install']
[0.302s] Level 1:colcon.colcon_core.package_identification:_identify(src/build) by extension 'ignore'
[0.302s] Level 1:colcon.colcon_core.package_identification:_identify(src/build) ignored
[0.302s] Level 1:colcon.colcon_core.package_identification:_identify(src/install) by extensions ['ignore', 'ignore_ament_install']
[0.302s] Level 1:colcon.colcon_core.package_identification:_identify(src/install) by extension 'ignore'
[0.302s] Level 1:colcon.colcon_core.package_identification:_identify(src/install) ignored
[0.302s] Level 1:colcon.colcon_core.package_identification:_identify(src/log) by extensions ['ignore', 'ignore_ament_install']
[0.302s] Level 1:colcon.colcon_core.package_identification:_identify(src/log) by extension 'ignore'
[0.302s] Level 1:colcon.colcon_core.package_identification:_identify(src/log) ignored
[0.303s] Level 1:colcon.colcon_core.package_identification:_identify(src/pkg1) by extensions ['ignore', 'ignore_ament_install']
[0.303s] Level 1:colcon.colcon_core.package_identification:_identify(src/pkg1) by extension 'ignore'
[0.303s] Level 1:colcon.colcon_core.package_identification:_identify(src/pkg1) by extension 'ignore_ament_install'
[0.303s] Level 1:colcon.colcon_core.package_identification:_identify(src/pkg1) by extensions ['colcon_pkg']
[0.303s] Level 1:colcon.colcon_core.package_identification:_identify(src/pkg1) by extension 'colcon_pkg'
[0.303s] Level 1:colcon.colcon_core.package_identification:_identify(src/pkg1) by extensions ['colcon_meta']
[0.303s] Level 1:colcon.colcon_core.package_identification:_identify(src/pkg1) by extension 'colcon_meta'
[0.303s] Level 1:colcon.colcon_core.package_identification:_identify(src/pkg1) by extensions ['ros']
[0.303s] Level 1:colcon.colcon_core.package_identification:_identify(src/pkg1) by extension 'ros'
[0.305s] DEBUG:colcon.colcon_core.package_identification:Package 'src/pkg1' with type 'ros.ament_python' and name 'pkg1'
[0.305s] Level 1:colcon.colcon_core.package_identification:_identify(src/rotate_pkg) by extensions ['ignore', 'ignore_ament_install']
[0.306s] Level 1:colcon.colcon_core.package_identification:_identify(src/rotate_pkg) by extension 'ignore'
[0.306s] Level 1:colcon.colcon_core.package_identification:_identify(src/rotate_pkg) by extension 'ignore_ament_install'
[0.306s] Level 1:colcon.colcon_core.package_identification:_identify(src/rotate_pkg) by extensions ['colcon_pkg']
[0.306s] Level 1:colcon.colcon_core.package_identification:_identify(src/rotate_pkg) by extension 'colcon_pkg'
[0.306s] Level 1:colcon.colcon_core.package_identification:_identify(src/rotate_pkg) by extensions ['colcon_meta']
[0.306s] Level 1:colcon.colcon_core.package_identification:_identify(src/rotate_pkg) by extension 'colcon_meta'
[0.306s] Level 1:colcon.colcon_core.package_identification:_identify(src/rotate_pkg) by extensions ['ros']
[0.306s] Level 1:colcon.colcon_core.package_identification:_identify(src/rotate_pkg) by extension 'ros'
[0.307s] DEBUG:colcon.colcon_core.package_identification:Package 'src/rotate_pkg' with type 'ros.ament_cmake' and name 'rotate_pkg'
[0.307s] Level 1:colcon.colcon_core.package_discovery:discover_packages(recursive) using defaults
[0.307s] Level 1:colcon.colcon_core.package_discovery:discover_packages(ignore) discover
[0.307s] Level 1:colcon.colcon_core.package_discovery:discover_packages(ignore) using defaults
[0.307s] Level 1:colcon.colcon_core.package_discovery:discover_packages(path) discover
[0.307s] Level 1:colcon.colcon_core.package_discovery:discover_packages(path) using defaults
[0.329s] Level 1:colcon.colcon_core.package_discovery:discover_packages(prefix_path) check parameters
[0.329s] Level 1:colcon.colcon_core.package_discovery:discover_packages(prefix_path) discover
[0.331s] DEBUG:colcon.colcon_installed_package_information.package_discovery:Found 2 installed packages in /home/soethutun/midterm/install
[0.332s] DEBUG:colcon.colcon_installed_package_information.package_discovery:Found 4 installed packages in /home/soethutun/ros2_ws/install
[0.332s] DEBUG:colcon.colcon_installed_package_information.package_discovery:Found 16 installed packages in /home/soethutun/turtlebot3_ws/install
[0.334s] DEBUG:colcon.colcon_installed_package_information.package_discovery:Found 2 installed packages in /home/soethutun/workspace/install
[0.335s] DEBUG:colcon.colcon_installed_package_information.package_discovery:Found 366 installed packages in /opt/ros/humble
[0.336s] Level 1:colcon.colcon_core.package_discovery:discover_packages(prefix_path) using defaults
[0.377s] Level 5:colcon.colcon_core.verb:set package 'pkg1' build argument 'cmake_args' from command line to 'None'
[0.377s] Level 5:colcon.colcon_core.verb:set package 'pkg1' build argument 'cmake_target' from command line to 'None'
[0.377s] Level 5:colcon.colcon_core.verb:set package 'pkg1' build argument 'cmake_target_skip_unavailable' from command line to 'False'
[0.377s] Level 5:colcon.colcon_core.verb:set package 'pkg1' build argument 'cmake_clean_cache' from command line to 'False'
[0.377s] Level 5:colcon.colcon_core.verb:set package 'pkg1' build argument 'cmake_clean_first' from command line to 'False'
[0.377s] Level 5:colcon.colcon_core.verb:set package 'pkg1' build argument 'cmake_force_configure' from command line to 'False'
[0.377s] Level 5:colcon.colcon_core.verb:set package 'pkg1' build argument 'ament_cmake_args' from command line to 'None'
[0.377s] Level 5:colcon.colcon_core.verb:set package 'pkg1' build argument 'catkin_cmake_args' from command line to 'None'
[0.377s] Level 5:colcon.colcon_core.verb:set package 'pkg1' build argument 'catkin_skip_building_tests' from command line to 'False'
[0.377s] DEBUG:colcon.colcon_core.verb:Building package 'pkg1' with the following arguments: {'ament_cmake_args': None, 'build_base': '/home/soethutun/midterm/build/pkg1', 'catkin_cmake_args': None, 'catkin_skip_building_tests': False, 'cmake_args': None, 'cmake_clean_cache': False, 'cmake_clean_first': False, 'cmake_force_configure': False, 'cmake_target': None, 'cmake_target_skip_unavailable': False, 'install_base': '/home/soethutun/midterm/install/pkg1', 'merge_install': False, 'path': '/home/soethutun/midterm/src/pkg1', 'symlink_install': False, 'test_result_base': None}
[0.377s] Level 5:colcon.colcon_core.verb:set package 'rotate_pkg' build argument 'cmake_args' from command line to 'None'
[0.377s] Level 5:colcon.colcon_core.verb:set package 'rotate_pkg' build argument 'cmake_target' from command line to 'None'
[0.377s] Level 5:colcon.colcon_core.verb:set package 'rotate_pkg' build argument 'cmake_target_skip_unavailable' from command line to 'False'
[0.377s] Level 5:colcon.colcon_core.verb:set package 'rotate_pkg' build argument 'cmake_clean_cache' from command line to 'False'
[0.377s] Level 5:colcon.colcon_core.verb:set package 'rotate_pkg' build argument 'cmake_clean_first' from command line to 'False'
[0.377s] Level 5:colcon.colcon_core.verb:set package 'rotate_pkg' build argument 'cmake_force_configure' from command line to 'False'
[0.377s] Level 5:colcon.colcon_core.verb:set package 'rotate_pkg' build argument 'ament_cmake_args' from command line to 'None'
[0.377s] Level 5:colcon.colcon_core.verb:set package 'rotate_pkg' build argument 'catkin_cmake_args' from command line to 'None'
[0.377s] Level 5:colcon.colcon_core.verb:set package 'rotate_pkg' build argument 'catkin_skip_building_tests' from command line to 'False'
[0.377s] DEBUG:colcon.colcon_core.verb:Building package 'rotate_pkg' with the following arguments: {'ament_cmake_args': None, 'build_base': '/home/soethutun/midterm/build/rotate_pkg', 'catkin_cmake_args': None, 'catkin_skip_building_tests': False, 'cmake_args': None, 'cmake_clean_cache': False, 'cmake_clean_first': False, 'cmake_force_configure': False, 'cmake_target': None, 'cmake_target_skip_unavailable': False, 'install_base': '/home/soethutun/midterm/install/rotate_pkg', 'merge_install': False, 'path': '/home/soethutun/midterm/src/rotate_pkg', 'symlink_install': False, 'test_result_base': None}
[0.378s] INFO:colcon.colcon_core.executor:Executing jobs using 'parallel' executor
[0.378s] DEBUG:colcon.colcon_parallel_executor.executor.parallel:run_until_complete
[0.378s] INFO:colcon.colcon_ros.task.ament_python.build:Building ROS package in '/home/soethutun/midterm/src/pkg1' with build type 'ament_python'
[0.379s] Level 1:colcon.colcon_core.shell:create_environment_hook('pkg1', 'ament_prefix_path')
[0.382s] INFO:colcon.colcon_core.plugin_system:Skipping extension 'colcon_core.shell.bat': Not used on non-Windows systems
[0.382s] INFO:colcon.colcon_core.shell:Creating environment hook '/home/soethutun/midterm/install/pkg1/share/pkg1/hook/ament_prefix_path.ps1'
[0.383s] INFO:colcon.colcon_core.shell:Creating environment descriptor '/home/soethutun/midterm/install/pkg1/share/pkg1/hook/ament_prefix_path.dsv'
[0.383s] INFO:colcon.colcon_core.shell:Creating environment hook '/home/soethutun/midterm/install/pkg1/share/pkg1/hook/ament_prefix_path.sh'
[0.384s] INFO:colcon.colcon_core.shell:Skip shell extension 'powershell' for command environment: Not usable outside of PowerShell
[0.384s] DEBUG:colcon.colcon_core.shell:Skip shell extension 'dsv' for command environment
[0.389s] INFO:colcon.colcon_ros.task.ament_cmake.build:Building ROS package in '/home/soethutun/midterm/src/rotate_pkg' with build type 'ament_cmake'
[0.389s] INFO:colcon.colcon_cmake.task.cmake.build:Building CMake package in '/home/soethutun/midterm/src/rotate_pkg'
[0.389s] INFO:colcon.colcon_core.shell:Skip shell extension 'powershell' for command environment: Not usable outside of PowerShell
[0.390s] DEBUG:colcon.colcon_core.shell:Skip shell extension 'dsv' for command environment
[0.653s] INFO:colcon.colcon_core.task.python.build:Building Python package in '/home/soethutun/midterm/src/pkg1'
[0.653s] INFO:colcon.colcon_core.shell:Skip shell extension 'powershell' for command environment: Not usable outside of PowerShell
[0.653s] DEBUG:colcon.colcon_core.shell:Skip shell extension 'dsv' for command environment
[0.664s] DEBUG:colcon.colcon_core.event_handler.log_command:Invoking command in '/home/soethutun/midterm/build/rotate_pkg': CMAKE_PREFIX_PATH=${CMAKE_PREFIX_PATH}:/home/soethutun/ros2_ws/install/tf_examples:/home/soethutun/ros2_ws/install/my_pkg:/home/soethutun/midterm/install/pkg1:/home/soethutun/workspace/install/my_robot_controller:/home/soethutun/workspace/install/exercises:/home/soethutun/turtlebot3_ws/install/turtlebot3_teleop:/home/soethutun/turtlebot3_ws/install/turtlebot3_example:/opt/ros/humble /usr/bin/cmake --build /home/soethutun/midterm/build/rotate_pkg -- -j4 -l4
[1.224s] DEBUG:colcon.colcon_core.event_handler.log_command:Invoking command in '/home/soethutun/midterm/src/pkg1': PYTHONPATH=/home/soethutun/midterm/build/pkg1/prefix_override:/usr/lib/python3/dist-packages/colcon_core/task/python/colcon_distutils_commands:/home/soethutun/midterm/install/pkg1/lib/python3.10/site-packages:${PYTHONPATH} /usr/bin/python3 -W ignore:setup.py install is deprecated -W ignore:easy_install command is deprecated setup.py egg_info --egg-base ../../build/pkg1 build --build-base /home/soethutun/midterm/build/pkg1/build install --record /home/soethutun/midterm/build/pkg1/install.log --single-version-externally-managed install_data
[1.284s] DEBUG:colcon.colcon_core.event_handler.log_command:Invoked command in '/home/soethutun/midterm/build/rotate_pkg' returned '0': CMAKE_PREFIX_PATH=${CMAKE_PREFIX_PATH}:/home/soethutun/ros2_ws/install/tf_examples:/home/soethutun/ros2_ws/install/my_pkg:/home/soethutun/midterm/install/pkg1:/home/soethutun/workspace/install/my_robot_controller:/home/soethutun/workspace/install/exercises:/home/soethutun/turtlebot3_ws/install/turtlebot3_teleop:/home/soethutun/turtlebot3_ws/install/turtlebot3_example:/opt/ros/humble /usr/bin/cmake --build /home/soethutun/midterm/build/rotate_pkg -- -j4 -l4
[1.295s] DEBUG:colcon.colcon_core.event_handler.log_command:Invoking command in '/home/soethutun/midterm/build/rotate_pkg': CMAKE_PREFIX_PATH=${CMAKE_PREFIX_PATH}:/home/soethutun/ros2_ws/install/tf_examples:/home/soethutun/ros2_ws/install/my_pkg:/home/soethutun/midterm/install/pkg1:/home/soethutun/workspace/install/my_robot_controller:/home/soethutun/workspace/install/exercises:/home/soethutun/turtlebot3_ws/install/turtlebot3_teleop:/home/soethutun/turtlebot3_ws/install/turtlebot3_example:/opt/ros/humble /usr/bin/cmake --install /home/soethutun/midterm/build/rotate_pkg
[1.363s] Level 1:colcon.colcon_core.environment:create_environment_scripts_only(rotate_pkg)
[1.364s] DEBUG:colcon.colcon_core.event_handler.log_command:Invoked command in '/home/soethutun/midterm/build/rotate_pkg' returned '0': CMAKE_PREFIX_PATH=${CMAKE_PREFIX_PATH}:/home/soethutun/ros2_ws/install/tf_examples:/home/soethutun/ros2_ws/install/my_pkg:/home/soethutun/midterm/install/pkg1:/home/soethutun/workspace/install/my_robot_controller:/home/soethutun/workspace/install/exercises:/home/soethutun/turtlebot3_ws/install/turtlebot3_teleop:/home/soethutun/turtlebot3_ws/install/turtlebot3_example:/opt/ros/humble /usr/bin/cmake --install /home/soethutun/midterm/build/rotate_pkg
[1.369s] Level 1:colcon.colcon_core.environment:checking '/home/soethutun/midterm/install/rotate_pkg' for CMake module files
[1.369s] Level 1:colcon.colcon_core.environment:checking '/home/soethutun/midterm/install/rotate_pkg' for CMake config files
[1.370s] Level 1:colcon.colcon_core.shell:create_environment_hook('rotate_pkg', 'cmake_prefix_path')
[1.370s] INFO:colcon.colcon_core.shell:Creating environment hook '/home/soethutun/midterm/install/rotate_pkg/share/rotate_pkg/hook/cmake_prefix_path.ps1'
[1.371s] INFO:colcon.colcon_core.shell:Creating environment descriptor '/home/soethutun/midterm/install/rotate_pkg/share/rotate_pkg/hook/cmake_prefix_path.dsv'
[1.371s] INFO:colcon.colcon_core.shell:Creating environment hook '/home/soethutun/midterm/install/rotate_pkg/share/rotate_pkg/hook/cmake_prefix_path.sh'
[1.372s] Level 1:colcon.colcon_core.environment:checking '/home/soethutun/midterm/install/rotate_pkg/lib'
[1.372s] Level 1:colcon.colcon_core.shell:create_environment_hook('rotate_pkg', 'ld_library_path_lib')
[1.373s] INFO:colcon.colcon_core.shell:Creating environment hook '/home/soethutun/midterm/install/rotate_pkg/share/rotate_pkg/hook/ld_library_path_lib.ps1'
[1.373s] INFO:colcon.colcon_core.shell:Creating environment descriptor '/home/soethutun/midterm/install/rotate_pkg/share/rotate_pkg/hook/ld_library_path_lib.dsv'
[1.374s] INFO:colcon.colcon_core.shell:Creating environment hook '/home/soethutun/midterm/install/rotate_pkg/share/rotate_pkg/hook/ld_library_path_lib.sh'
[1.374s] Level 1:colcon.colcon_core.environment:checking '/home/soethutun/midterm/install/rotate_pkg/bin'
[1.374s] Level 1:colcon.colcon_core.environment:checking '/home/soethutun/midterm/install/rotate_pkg/lib/pkgconfig/rotate_pkg.pc'
[1.374s] Level 1:colcon.colcon_core.environment:checking '/home/soethutun/midterm/install/rotate_pkg/lib/python3.10/site-packages'
[1.375s] Level 1:colcon.colcon_core.environment:checking '/home/soethutun/midterm/install/rotate_pkg/bin'
[1.375s] INFO:colcon.colcon_core.shell:Creating package script '/home/soethutun/midterm/install/rotate_pkg/share/rotate_pkg/package.ps1'
[1.376s] INFO:colcon.colcon_core.shell:Creating package descriptor '/home/soethutun/midterm/install/rotate_pkg/share/rotate_pkg/package.dsv'
[1.377s] INFO:colcon.colcon_core.shell:Creating package script '/home/soethutun/midterm/install/rotate_pkg/share/rotate_pkg/package.sh'
[1.378s] INFO:colcon.colcon_core.shell:Creating package script '/home/soethutun/midterm/install/rotate_pkg/share/rotate_pkg/package.bash'
[1.379s] INFO:colcon.colcon_core.shell:Creating package script '/home/soethutun/midterm/install/rotate_pkg/share/rotate_pkg/package.zsh'
[1.380s] Level 1:colcon.colcon_core.environment:create_file_with_runtime_dependencies(/home/soethutun/midterm/install/rotate_pkg/share/colcon-core/packages/rotate_pkg)
[1.381s] Level 1:colcon.colcon_core.environment:create_environment_scripts_only(rotate_pkg)
[1.381s] Level 1:colcon.colcon_core.environment:checking '/home/soethutun/midterm/install/rotate_pkg' for CMake module files
[1.382s] Level 1:colcon.colcon_core.environment:checking '/home/soethutun/midterm/install/rotate_pkg' for CMake config files
[1.383s] Level 1:colcon.colcon_core.shell:create_environment_hook('rotate_pkg', 'cmake_prefix_path')
[1.383s] INFO:colcon.colcon_core.shell:Creating environment hook '/home/soethutun/midterm/install/rotate_pkg/share/rotate_pkg/hook/cmake_prefix_path.ps1'
[1.383s] INFO:colcon.colcon_core.shell:Creating environment descriptor '/home/soethutun/midterm/install/rotate_pkg/share/rotate_pkg/hook/cmake_prefix_path.dsv'
[1.384s] INFO:colcon.colcon_core.shell:Creating environment hook '/home/soethutun/midterm/install/rotate_pkg/share/rotate_pkg/hook/cmake_prefix_path.sh'
[1.384s] Level 1:colcon.colcon_core.environment:checking '/home/soethutun/midterm/install/rotate_pkg/lib'
[1.384s] Level 1:colcon.colcon_core.shell:create_environment_hook('rotate_pkg', 'ld_library_path_lib')
[1.385s] INFO:colcon.colcon_core.shell:Creating environment hook '/home/soethutun/midterm/install/rotate_pkg/share/rotate_pkg/hook/ld_library_path_lib.ps1'
[1.385s] INFO:colcon.colcon_core.shell:Creating environment descriptor '/home/soethutun/midterm/install/rotate_pkg/share/rotate_pkg/hook/ld_library_path_lib.dsv'
[1.385s] INFO:colcon.colcon_core.shell:Creating environment hook '/home/soethutun/midterm/install/rotate_pkg/share/rotate_pkg/hook/ld_library_path_lib.sh'
[1.386s] Level 1:colcon.colcon_core.environment:checking '/home/soethutun/midterm/install/rotate_pkg/bin'
[1.386s] Level 1:colcon.colcon_core.environment:checking '/home/soethutun/midterm/install/rotate_pkg/lib/pkgconfig/rotate_pkg.pc'
[1.386s] Level 1:colcon.colcon_core.environment:checking '/home/soethutun/midterm/install/rotate_pkg/lib/python3.10/site-packages'
[1.387s] Level 1:colcon.colcon_core.environment:checking '/home/soethutun/midterm/install/rotate_pkg/bin'
[1.387s] INFO:colcon.colcon_core.shell:Creating package script '/home/soethutun/midterm/install/rotate_pkg/share/rotate_pkg/package.ps1'
[1.388s] INFO:colcon.colcon_core.shell:Creating package descriptor '/home/soethutun/midterm/install/rotate_pkg/share/rotate_pkg/package.dsv'
[1.388s] INFO:colcon.colcon_core.shell:Creating package script '/home/soethutun/midterm/install/rotate_pkg/share/rotate_pkg/package.sh'
[1.389s] INFO:colcon.colcon_core.shell:Creating package script '/home/soethutun/midterm/install/rotate_pkg/share/rotate_pkg/package.bash'
[1.389s] INFO:colcon.colcon_core.shell:Creating package script '/home/soethutun/midterm/install/rotate_pkg/share/rotate_pkg/package.zsh'
[1.390s] Level 1:colcon.colcon_core.environment:create_file_with_runtime_dependencies(/home/soethutun/midterm/install/rotate_pkg/share/colcon-core/packages/rotate_pkg)
[1.551s] Level 1:colcon.colcon_core.environment:checking '/home/soethutun/midterm/install/pkg1' for CMake module files
[1.551s] DEBUG:colcon.colcon_core.event_handler.log_command:Invoked command in '/home/soethutun/midterm/src/pkg1' returned '0': PYTHONPATH=/home/soethutun/midterm/build/pkg1/prefix_override:/usr/lib/python3/dist-packages/colcon_core/task/python/colcon_distutils_commands:/home/soethutun/midterm/install/pkg1/lib/python3.10/site-packages:${PYTHONPATH} /usr/bin/python3 -W ignore:setup.py install is deprecated -W ignore:easy_install command is deprecated setup.py egg_info --egg-base ../../build/pkg1 build --build-base /home/soethutun/midterm/build/pkg1/build install --record /home/soethutun/midterm/build/pkg1/install.log --single-version-externally-managed install_data
[1.551s] Level 1:colcon.colcon_core.environment:checking '/home/soethutun/midterm/install/pkg1' for CMake config files
[1.552s] Level 1:colcon.colcon_core.environment:checking '/home/soethutun/midterm/install/pkg1/lib'
[1.552s] Level 1:colcon.colcon_core.environment:checking '/home/soethutun/midterm/install/pkg1/bin'
[1.552s] Level 1:colcon.colcon_core.environment:checking '/home/soethutun/midterm/install/pkg1/lib/pkgconfig/pkg1.pc'
[1.552s] Level 1:colcon.colcon_core.environment:checking '/home/soethutun/midterm/install/pkg1/lib/python3.10/site-packages'
[1.552s] Level 1:colcon.colcon_core.shell:create_environment_hook('pkg1', 'pythonpath')
[1.552s] INFO:colcon.colcon_core.shell:Creating environment hook '/home/soethutun/midterm/install/pkg1/share/pkg1/hook/pythonpath.ps1'
[1.553s] INFO:colcon.colcon_core.shell:Creating environment descriptor '/home/soethutun/midterm/install/pkg1/share/pkg1/hook/pythonpath.dsv'
[1.553s] INFO:colcon.colcon_core.shell:Creating environment hook '/home/soethutun/midterm/install/pkg1/share/pkg1/hook/pythonpath.sh'
[1.554s] Level 1:colcon.colcon_core.environment:checking '/home/soethutun/midterm/install/pkg1/bin'
[1.554s] Level 1:colcon.colcon_core.environment:create_environment_scripts_only(pkg1)
[1.554s] INFO:colcon.colcon_core.shell:Creating package script '/home/soethutun/midterm/install/pkg1/share/pkg1/package.ps1'
[1.555s] INFO:colcon.colcon_core.shell:Creating package descriptor '/home/soethutun/midterm/install/pkg1/share/pkg1/package.dsv'
[1.555s] INFO:colcon.colcon_core.shell:Creating package script '/home/soethutun/midterm/install/pkg1/share/pkg1/package.sh'
[1.556s] INFO:colcon.colcon_core.shell:Creating package script '/home/soethutun/midterm/install/pkg1/share/pkg1/package.bash'
[1.556s] INFO:colcon.colcon_core.shell:Creating package script '/home/soethutun/midterm/install/pkg1/share/pkg1/package.zsh'
[1.556s] Level 1:colcon.colcon_core.environment:create_file_with_runtime_dependencies(/home/soethutun/midterm/install/pkg1/share/colcon-core/packages/pkg1)
[1.557s] DEBUG:colcon.colcon_parallel_executor.executor.parallel:closing loop
[1.557s] DEBUG:colcon.colcon_parallel_executor.executor.parallel:loop closed
[1.557s] DEBUG:colcon.colcon_parallel_executor.executor.parallel:run_until_complete finished with '0'
[1.557s] DEBUG:colcon.colcon_core.event_reactor:joining thread
[1.561s] INFO:colcon.colcon_core.plugin_system:Skipping extension 'colcon_notification.desktop_notification.terminal_notifier': Not used on non-Darwin systems
[1.561s] INFO:colcon.colcon_core.plugin_system:Skipping extension 'colcon_notification.desktop_notification.win32': Not used on non-Windows systems
[1.561s] INFO:colcon.colcon_notification.desktop_notification:Sending desktop notification using 'notify2'
[1.570s] DEBUG:colcon.colcon_core.event_reactor:joined thread
[1.571s] INFO:colcon.colcon_core.shell:Creating prefix script '/home/soethutun/midterm/install/local_setup.ps1'
[1.572s] INFO:colcon.colcon_core.shell:Creating prefix util module '/home/soethutun/midterm/install/_local_setup_util_ps1.py'
[1.573s] INFO:colcon.colcon_core.shell:Creating prefix chain script '/home/soethutun/midterm/install/setup.ps1'
[1.575s] INFO:colcon.colcon_core.shell:Creating prefix script '/home/soethutun/midterm/install/local_setup.sh'
[1.575s] INFO:colcon.colcon_core.shell:Creating prefix util module '/home/soethutun/midterm/install/_local_setup_util_sh.py'
[1.576s] INFO:colcon.colcon_core.shell:Creating prefix chain script '/home/soethutun/midterm/install/setup.sh'
[1.577s] INFO:colcon.colcon_core.shell:Creating prefix script '/home/soethutun/midterm/install/local_setup.bash'
[1.577s] INFO:colcon.colcon_core.shell:Creating prefix chain script '/home/soethutun/midterm/install/setup.bash'
[1.578s] INFO:colcon.colcon_core.shell:Creating prefix script '/home/soethutun/midterm/install/local_setup.zsh'
[1.579s] INFO:colcon.colcon_core.shell:Creating prefix chain script '/home/soethutun/midterm/install/setup.zsh'
