[0.613s] Invoking command in '/home/soethutun/midterm/src/pkg1': PYTHONPATH=/home/soethutun/midterm/src/build/pkg1/prefix_override:/usr/lib/python3/dist-packages/colcon_core/task/python/colcon_distutils_commands:/home/soethutun/midterm/src/install/pkg1/lib/python3.10/site-packages:${PYTHONPATH} /usr/bin/python3 -W ignore:setup.py install is deprecated -W ignore:easy_install command is deprecated setup.py egg_info --egg-base ../build/pkg1 build --build-base /home/soethutun/midterm/src/build/pkg1/build install --record /home/soethutun/midterm/src/build/pkg1/install.log --single-version-externally-managed install_data
[0.838s] running egg_info
[0.838s] creating ../build/pkg1/pkg1.egg-info
[0.838s] writing ../build/pkg1/pkg1.egg-info/PKG-INFO
[0.839s] writing dependency_links to ../build/pkg1/pkg1.egg-info/dependency_links.txt
[0.839s] writing entry points to ../build/pkg1/pkg1.egg-info/entry_points.txt
[0.839s] writing requirements to ../build/pkg1/pkg1.egg-info/requires.txt
[0.839s] writing top-level names to ../build/pkg1/pkg1.egg-info/top_level.txt
[0.839s] writing manifest file '../build/pkg1/pkg1.egg-info/SOURCES.txt'
[0.841s] reading manifest file '../build/pkg1/pkg1.egg-info/SOURCES.txt'
[0.842s] writing manifest file '../build/pkg1/pkg1.egg-info/SOURCES.txt'
[0.842s] running build
[0.842s] running build_py
[0.842s] creating /home/soethutun/midterm/src/build/pkg1/build
[0.842s] creating /home/soethutun/midterm/src/build/pkg1/build/lib
[0.842s] creating /home/soethutun/midterm/src/build/pkg1/build/lib/pkg1
[0.842s] copying pkg1/square_service_server.py -> /home/soethutun/midterm/src/build/pkg1/build/lib/pkg1
[0.842s] copying pkg1/__init__.py -> /home/soethutun/midterm/src/build/pkg1/build/lib/pkg1
[0.842s] copying pkg1/odom_logger.py -> /home/soethutun/midterm/src/build/pkg1/build/lib/pkg1
[0.842s] copying pkg1/circle_publisher.py -> /home/soethutun/midterm/src/build/pkg1/build/lib/pkg1
[0.842s] running install
[0.842s] running install_lib
[0.843s] creating /home/soethutun/midterm/src/install/pkg1/lib/python3.10/site-packages/pkg1
[0.843s] copying /home/soethutun/midterm/src/build/pkg1/build/lib/pkg1/square_service_server.py -> /home/soethutun/midterm/src/install/pkg1/lib/python3.10/site-packages/pkg1
[0.843s] copying /home/soethutun/midterm/src/build/pkg1/build/lib/pkg1/__init__.py -> /home/soethutun/midterm/src/install/pkg1/lib/python3.10/site-packages/pkg1
[0.843s] copying /home/soethutun/midterm/src/build/pkg1/build/lib/pkg1/odom_logger.py -> /home/soethutun/midterm/src/install/pkg1/lib/python3.10/site-packages/pkg1
[0.843s] copying /home/soethutun/midterm/src/build/pkg1/build/lib/pkg1/circle_publisher.py -> /home/soethutun/midterm/src/install/pkg1/lib/python3.10/site-packages/pkg1
[0.844s] byte-compiling /home/soethutun/midterm/src/install/pkg1/lib/python3.10/site-packages/pkg1/square_service_server.py to square_service_server.cpython-310.pyc
[0.844s] byte-compiling /home/soethutun/midterm/src/install/pkg1/lib/python3.10/site-packages/pkg1/__init__.py to __init__.cpython-310.pyc
[0.844s] byte-compiling /home/soethutun/midterm/src/install/pkg1/lib/python3.10/site-packages/pkg1/odom_logger.py to odom_logger.cpython-310.pyc
[0.844s] byte-compiling /home/soethutun/midterm/src/install/pkg1/lib/python3.10/site-packages/pkg1/circle_publisher.py to circle_publisher.cpython-310.pyc
[0.845s] running install_data
[0.845s] creating /home/soethutun/midterm/src/install/pkg1/share/ament_index
[0.845s] creating /home/soethutun/midterm/src/install/pkg1/share/ament_index/resource_index
[0.845s] creating /home/soethutun/midterm/src/install/pkg1/share/ament_index/resource_index/packages
[0.845s] copying resource/pkg1 -> /home/soethutun/midterm/src/install/pkg1/share/ament_index/resource_index/packages
[0.845s] copying package.xml -> /home/soethutun/midterm/src/install/pkg1/share/pkg1
[0.845s] running install_egg_info
[0.847s] Copying ../build/pkg1/pkg1.egg-info to /home/soethutun/midterm/src/install/pkg1/lib/python3.10/site-packages/pkg1-0.0.0-py3.10.egg-info
[0.848s] running install_scripts
[0.866s] Installing circle_publisher script to /home/soethutun/midterm/src/install/pkg1/lib/pkg1
[0.867s] Installing odom_logger script to /home/soethutun/midterm/src/install/pkg1/lib/pkg1
[0.867s] Installing square_service_server script to /home/soethutun/midterm/src/install/pkg1/lib/pkg1
[0.867s] writing list of installed files to '/home/soethutun/midterm/src/build/pkg1/install.log'
[0.897s] Invoked command in '/home/soethutun/midterm/src/pkg1' returned '0': PYTHONPATH=/home/soethutun/midterm/src/build/pkg1/prefix_override:/usr/lib/python3/dist-packages/colcon_core/task/python/colcon_distutils_commands:/home/soethutun/midterm/src/install/pkg1/lib/python3.10/site-packages:${PYTHONPATH} /usr/bin/python3 -W ignore:setup.py install is deprecated -W ignore:easy_install command is deprecated setup.py egg_info --egg-base ../build/pkg1 build --build-base /home/soethutun/midterm/src/build/pkg1/build install --record /home/soethutun/midterm/src/build/pkg1/install.log --single-version-externally-managed install_data
