running egg_info
creating ../build/pkg1/pkg1.egg-info
writing ../build/pkg1/pkg1.egg-info/PKG-INFO
writing dependency_links to ../build/pkg1/pkg1.egg-info/dependency_links.txt
writing entry points to ../build/pkg1/pkg1.egg-info/entry_points.txt
writing requirements to ../build/pkg1/pkg1.egg-info/requires.txt
writing top-level names to ../build/pkg1/pkg1.egg-info/top_level.txt
writing manifest file '../build/pkg1/pkg1.egg-info/SOURCES.txt'
reading manifest file '../build/pkg1/pkg1.egg-info/SOURCES.txt'
writing manifest file '../build/pkg1/pkg1.egg-info/SOURCES.txt'
running build
running build_py
creating /home/soethutun/midterm/src/build/pkg1/build
creating /home/soethutun/midterm/src/build/pkg1/build/lib
creating /home/soethutun/midterm/src/build/pkg1/build/lib/pkg1
copying pkg1/square_service_server.py -> /home/soethutun/midterm/src/build/pkg1/build/lib/pkg1
copying pkg1/__init__.py -> /home/soethutun/midterm/src/build/pkg1/build/lib/pkg1
copying pkg1/odom_logger.py -> /home/soethutun/midterm/src/build/pkg1/build/lib/pkg1
copying pkg1/circle_publisher.py -> /home/soethutun/midterm/src/build/pkg1/build/lib/pkg1
running install
running install_lib
creating /home/soethutun/midterm/src/install/pkg1/lib/python3.10/site-packages/pkg1
copying /home/soethutun/midterm/src/build/pkg1/build/lib/pkg1/square_service_server.py -> /home/soethutun/midterm/src/install/pkg1/lib/python3.10/site-packages/pkg1
copying /home/soethutun/midterm/src/build/pkg1/build/lib/pkg1/__init__.py -> /home/soethutun/midterm/src/install/pkg1/lib/python3.10/site-packages/pkg1
copying /home/soethutun/midterm/src/build/pkg1/build/lib/pkg1/odom_logger.py -> /home/soethutun/midterm/src/install/pkg1/lib/python3.10/site-packages/pkg1
copying /home/soethutun/midterm/src/build/pkg1/build/lib/pkg1/circle_publisher.py -> /home/soethutun/midterm/src/install/pkg1/lib/python3.10/site-packages/pkg1
byte-compiling /home/soethutun/midterm/src/install/pkg1/lib/python3.10/site-packages/pkg1/square_service_server.py to square_service_server.cpython-310.pyc
byte-compiling /home/soethutun/midterm/src/install/pkg1/lib/python3.10/site-packages/pkg1/__init__.py to __init__.cpython-310.pyc
byte-compiling /home/soethutun/midterm/src/install/pkg1/lib/python3.10/site-packages/pkg1/odom_logger.py to odom_logger.cpython-310.pyc
byte-compiling /home/soethutun/midterm/src/install/pkg1/lib/python3.10/site-packages/pkg1/circle_publisher.py to circle_publisher.cpython-310.pyc
running install_data
creating /home/soethutun/midterm/src/install/pkg1/share/ament_index
creating /home/soethutun/midterm/src/install/pkg1/share/ament_index/resource_index
creating /home/soethutun/midterm/src/install/pkg1/share/ament_index/resource_index/packages
copying resource/pkg1 -> /home/soethutun/midterm/src/install/pkg1/share/ament_index/resource_index/packages
copying package.xml -> /home/soethutun/midterm/src/install/pkg1/share/pkg1
running install_egg_info
Copying ../build/pkg1/pkg1.egg-info to /home/soethutun/midterm/src/install/pkg1/lib/python3.10/site-packages/pkg1-0.0.0-py3.10.egg-info
running install_scripts
Installing circle_publisher script to /home/soethutun/midterm/src/install/pkg1/lib/pkg1
Installing odom_logger script to /home/soethutun/midterm/src/install/pkg1/lib/pkg1
Installing square_service_server script to /home/soethutun/midterm/src/install/pkg1/lib/pkg1
writing list of installed files to '/home/soethutun/midterm/src/build/pkg1/install.log'
