/home/soethutun/midterm/install/pkg1/lib/python3.10/site-packages/pkg1/client.py
/home/soethutun/midterm/install/pkg1/lib/python3.10/site-packages/pkg1/action_client.py
/home/soethutun/midterm/install/pkg1/lib/python3.10/site-packages/pkg1/server.py
/home/soethutun/midterm/install/pkg1/lib/python3.10/site-packages/pkg1/action_server.py
/home/soethutun/midterm/install/pkg1/lib/python3.10/site-packages/pkg1/__init__.py
/home/soethutun/midterm/install/pkg1/lib/python3.10/site-packages/pkg1/odom_logger.py
/home/soethutun/midterm/install/pkg1/lib/python3.10/site-packages/pkg1/circle_publisher.py
/home/soethutun/midterm/install/pkg1/lib/python3.10/site-packages/pkg1/__pycache__/client.cpython-310.pyc
/home/soethutun/midterm/install/pkg1/lib/python3.10/site-packages/pkg1/__pycache__/action_client.cpython-310.pyc
/home/soethutun/midterm/install/pkg1/lib/python3.10/site-packages/pkg1/__pycache__/server.cpython-310.pyc
/home/soethutun/midterm/install/pkg1/lib/python3.10/site-packages/pkg1/__pycache__/action_server.cpython-310.pyc
/home/soethutun/midterm/install/pkg1/lib/python3.10/site-packages/pkg1/__pycache__/__init__.cpython-310.pyc
/home/soethutun/midterm/install/pkg1/lib/python3.10/site-packages/pkg1/__pycache__/odom_logger.cpython-310.pyc
/home/soethutun/midterm/install/pkg1/lib/python3.10/site-packages/pkg1/__pycache__/circle_publisher.cpython-310.pyc
/home/soethutun/midterm/install/pkg1/share/ament_index/resource_index/packages/pkg1
/home/soethutun/midterm/install/pkg1/share/pkg1/package.xml
/home/soethutun/midterm/install/pkg1/lib/python3.10/site-packages/pkg1-0.0.0-py3.10.egg-info/PKG-INFO
/home/soethutun/midterm/install/pkg1/lib/python3.10/site-packages/pkg1-0.0.0-py3.10.egg-info/dependency_links.txt
/home/soethutun/midterm/install/pkg1/lib/python3.10/site-packages/pkg1-0.0.0-py3.10.egg-info/entry_points.txt
/home/soethutun/midterm/install/pkg1/lib/python3.10/site-packages/pkg1-0.0.0-py3.10.egg-info/SOURCES.txt
/home/soethutun/midterm/install/pkg1/lib/python3.10/site-packages/pkg1-0.0.0-py3.10.egg-info/top_level.txt
/home/soethutun/midterm/install/pkg1/lib/python3.10/site-packages/pkg1-0.0.0-py3.10.egg-info/requires.txt
/home/soethutun/midterm/install/pkg1/lib/python3.10/site-packages/pkg1-0.0.0-py3.10.egg-info/zip-safe
/home/soethutun/midterm/install/pkg1/lib/pkg1/circle_publisher
/home/soethutun/midterm/install/pkg1/lib/pkg1/odom_logger
/home/soethutun/midterm/install/pkg1/lib/pkg1/rotate_action_client
/home/soethutun/midterm/install/pkg1/lib/pkg1/rotate_action_server
/home/soethutun/midterm/install/pkg1/lib/pkg1/square_service_client
/home/soethutun/midterm/install/pkg1/lib/pkg1/square_service_server
