[0.273s] Invoking command in '/home/soethutun/midterm/build/rotate_pkg': CMAKE_PREFIX_PATH=${CMAKE_PREFIX_PATH}:/home/soethutun/ros2_ws/install/tf_examples:/home/soethutun/ros2_ws/install/my_pkg:/home/soethutun/midterm/install/pkg1:/home/soethutun/workspace/install/my_robot_controller:/home/soethutun/workspace/install/exercises:/home/soethutun/turtlebot3_ws/install/turtlebot3_teleop:/home/soethutun/turtlebot3_ws/install/turtlebot3_example:/opt/ros/humble /usr/bin/cmake --build /home/soethutun/midterm/build/rotate_pkg -- -j4 -l4
[0.348s] [  9%] Built target rotate_pkg__rosidl_generator_c
[0.348s] [ 12%] Built target rotate_pkg__cpp
[0.382s] [ 12%] Built target ament_cmake_python_copy_rotate_pkg
[0.394s] [ 22%] Built target rotate_pkg__rosidl_typesupport_fastrtps_cpp
[0.411s] [ 32%] Built target rotate_pkg__rosidl_typesupport_cpp
[0.411s] [ 41%] Built target rotate_pkg__rosidl_typesupport_introspection_cpp
[0.432s] [ 51%] Built target rotate_pkg__rosidl_typesupport_fastrtps_c
[0.438s] [ 61%] Built target rotate_pkg__rosidl_typesupport_introspection_c
[0.452s] [ 70%] Built target rotate_pkg__rosidl_typesupport_c
[0.489s] [ 70%] Built target rotate_pkg
[0.529s] [ 74%] Built target rotate_pkg__py
[0.572s] [ 80%] Built target rotate_pkg__rosidl_generator_py
[0.636s] [ 87%] Built target rotate_pkg__rosidl_typesupport_introspection_c__pyext
[0.638s] [ 93%] Built target rotate_pkg__rosidl_typesupport_fastrtps_c__pyext
[0.646s] [100%] Built target rotate_pkg__rosidl_typesupport_c__pyext
[0.834s] running egg_info
[0.834s] writing rotate_pkg.egg-info/PKG-INFO
[0.834s] writing dependency_links to rotate_pkg.egg-info/dependency_links.txt
[0.834s] writing top-level names to rotate_pkg.egg-info/top_level.txt
[0.835s] reading manifest file 'rotate_pkg.egg-info/SOURCES.txt'
[0.838s] writing manifest file 'rotate_pkg.egg-info/SOURCES.txt'
[0.878s] [100%] Built target ament_cmake_python_build_rotate_pkg_egg
[0.894s] Invoked command in '/home/soethutun/midterm/build/rotate_pkg' returned '0': CMAKE_PREFIX_PATH=${CMAKE_PREFIX_PATH}:/home/soethutun/ros2_ws/install/tf_examples:/home/soethutun/ros2_ws/install/my_pkg:/home/soethutun/midterm/install/pkg1:/home/soethutun/workspace/install/my_robot_controller:/home/soethutun/workspace/install/exercises:/home/soethutun/turtlebot3_ws/install/turtlebot3_teleop:/home/soethutun/turtlebot3_ws/install/turtlebot3_example:/opt/ros/humble /usr/bin/cmake --build /home/soethutun/midterm/build/rotate_pkg -- -j4 -l4
[0.905s] Invoking command in '/home/soethutun/midterm/build/rotate_pkg': CMAKE_PREFIX_PATH=${CMAKE_PREFIX_PATH}:/home/soethutun/ros2_ws/install/tf_examples:/home/soethutun/ros2_ws/install/my_pkg:/home/soethutun/midterm/install/pkg1:/home/soethutun/workspace/install/my_robot_controller:/home/soethutun/workspace/install/exercises:/home/soethutun/turtlebot3_ws/install/turtlebot3_teleop:/home/soethutun/turtlebot3_ws/install/turtlebot3_example:/opt/ros/humble /usr/bin/cmake --install /home/soethutun/midterm/build/rotate_pkg
[0.914s] -- Install configuration: ""
[0.914s] -- Up-to-date: /home/soethutun/midterm/install/rotate_pkg/share/ament_index/resource_index/rosidl_interfaces/rotate_pkg
[0.914s] -- Up-to-date: /home/soethutun/midterm/install/rotate_pkg/include/rotate_pkg/rotate_pkg
[0.914s] -- Up-to-date: /home/soethutun/midterm/install/rotate_pkg/include/rotate_pkg/rotate_pkg/msg
[0.914s] -- Up-to-date: /home/soethutun/midterm/install/rotate_pkg/include/rotate_pkg/rotate_pkg/msg/rosidl_generator_c__visibility_control.h
[0.914s] -- Up-to-date: /home/soethutun/midterm/install/rotate_pkg/include/rotate_pkg/rotate_pkg/action
[0.914s] -- Up-to-date: /home/soethutun/midterm/install/rotate_pkg/include/rotate_pkg/rotate_pkg/action/rotate.h
[0.914s] -- Up-to-date: /home/soethutun/midterm/install/rotate_pkg/include/rotate_pkg/rotate_pkg/action/detail
[0.914s] -- Up-to-date: /home/soethutun/midterm/install/rotate_pkg/include/rotate_pkg/rotate_pkg/action/detail/rotate__struct.h
[0.915s] -- Up-to-date: /home/soethutun/midterm/install/rotate_pkg/include/rotate_pkg/rotate_pkg/action/detail/rotate__functions.c
[0.915s] -- Up-to-date: /home/soethutun/midterm/install/rotate_pkg/include/rotate_pkg/rotate_pkg/action/detail/rotate__type_support.h
[0.915s] -- Up-to-date: /home/soethutun/midterm/install/rotate_pkg/include/rotate_pkg/rotate_pkg/action/detail/rotate__functions.h
[0.915s] -- Up-to-date: /home/soethutun/midterm/install/rotate_pkg/share/rotate_pkg/environment/library_path.sh
[0.915s] -- Up-to-date: /home/soethutun/midterm/install/rotate_pkg/share/rotate_pkg/environment/library_path.dsv
[0.915s] -- Up-to-date: /home/soethutun/midterm/install/rotate_pkg/lib/librotate_pkg__rosidl_generator_c.so
[0.915s] -- Up-to-date: /home/soethutun/midterm/install/rotate_pkg/include/rotate_pkg/rotate_pkg
[0.915s] -- Up-to-date: /home/soethutun/midterm/install/rotate_pkg/include/rotate_pkg/rotate_pkg/msg
[0.915s] -- Up-to-date: /home/soethutun/midterm/install/rotate_pkg/include/rotate_pkg/rotate_pkg/msg/rosidl_typesupport_fastrtps_c__visibility_control.h
[0.915s] -- Up-to-date: /home/soethutun/midterm/install/rotate_pkg/include/rotate_pkg/rotate_pkg/action
[0.915s] -- Up-to-date: /home/soethutun/midterm/install/rotate_pkg/include/rotate_pkg/rotate_pkg/action/detail
[0.915s] -- Up-to-date: /home/soethutun/midterm/install/rotate_pkg/include/rotate_pkg/rotate_pkg/action/detail/rotate__rosidl_typesupport_fastrtps_c.h
[0.916s] -- Up-to-date: /home/soethutun/midterm/install/rotate_pkg/lib/librotate_pkg__rosidl_typesupport_fastrtps_c.so
[0.916s] -- Up-to-date: /home/soethutun/midterm/install/rotate_pkg/include/rotate_pkg/rotate_pkg
[0.916s] -- Up-to-date: /home/soethutun/midterm/install/rotate_pkg/include/rotate_pkg/rotate_pkg/msg
[0.916s] -- Up-to-date: /home/soethutun/midterm/install/rotate_pkg/include/rotate_pkg/rotate_pkg/msg/rosidl_typesupport_introspection_c__visibility_control.h
[0.916s] -- Up-to-date: /home/soethutun/midterm/install/rotate_pkg/include/rotate_pkg/rotate_pkg/action
[0.916s] -- Up-to-date: /home/soethutun/midterm/install/rotate_pkg/include/rotate_pkg/rotate_pkg/action/detail
[0.916s] -- Up-to-date: /home/soethutun/midterm/install/rotate_pkg/include/rotate_pkg/rotate_pkg/action/detail/rotate__rosidl_typesupport_introspection_c.h
[0.916s] -- Up-to-date: /home/soethutun/midterm/install/rotate_pkg/include/rotate_pkg/rotate_pkg/action/detail/rotate__type_support.c
[0.916s] -- Up-to-date: /home/soethutun/midterm/install/rotate_pkg/lib/librotate_pkg__rosidl_typesupport_introspection_c.so
[0.917s] -- Up-to-date: /home/soethutun/midterm/install/rotate_pkg/lib/librotate_pkg__rosidl_typesupport_c.so
[0.917s] -- Up-to-date: /home/soethutun/midterm/install/rotate_pkg/include/rotate_pkg/rotate_pkg
[0.917s] -- Up-to-date: /home/soethutun/midterm/install/rotate_pkg/include/rotate_pkg/rotate_pkg/msg
[0.917s] -- Up-to-date: /home/soethutun/midterm/install/rotate_pkg/include/rotate_pkg/rotate_pkg/msg/rosidl_generator_cpp__visibility_control.hpp
[0.917s] -- Up-to-date: /home/soethutun/midterm/install/rotate_pkg/include/rotate_pkg/rotate_pkg/action
[0.917s] -- Up-to-date: /home/soethutun/midterm/install/rotate_pkg/include/rotate_pkg/rotate_pkg/action/rotate.hpp
[0.917s] -- Up-to-date: /home/soethutun/midterm/install/rotate_pkg/include/rotate_pkg/rotate_pkg/action/detail
[0.917s] -- Up-to-date: /home/soethutun/midterm/install/rotate_pkg/include/rotate_pkg/rotate_pkg/action/detail/rotate__struct.hpp
[0.917s] -- Up-to-date: /home/soethutun/midterm/install/rotate_pkg/include/rotate_pkg/rotate_pkg/action/detail/rotate__type_support.hpp
[0.917s] -- Up-to-date: /home/soethutun/midterm/install/rotate_pkg/include/rotate_pkg/rotate_pkg/action/detail/rotate__builder.hpp
[0.917s] -- Up-to-date: /home/soethutun/midterm/install/rotate_pkg/include/rotate_pkg/rotate_pkg/action/detail/rotate__traits.hpp
[0.917s] -- Up-to-date: /home/soethutun/midterm/install/rotate_pkg/include/rotate_pkg/rotate_pkg
[0.917s] -- Up-to-date: /home/soethutun/midterm/install/rotate_pkg/include/rotate_pkg/rotate_pkg/msg
[0.918s] -- Up-to-date: /home/soethutun/midterm/install/rotate_pkg/include/rotate_pkg/rotate_pkg/msg/rosidl_typesupport_fastrtps_cpp__visibility_control.h
[0.918s] -- Up-to-date: /home/soethutun/midterm/install/rotate_pkg/include/rotate_pkg/rotate_pkg/action
[0.918s] -- Up-to-date: /home/soethutun/midterm/install/rotate_pkg/include/rotate_pkg/rotate_pkg/action/detail
[0.918s] -- Up-to-date: /home/soethutun/midterm/install/rotate_pkg/include/rotate_pkg/rotate_pkg/action/detail/rotate__rosidl_typesupport_fastrtps_cpp.hpp
[0.918s] -- Up-to-date: /home/soethutun/midterm/install/rotate_pkg/include/rotate_pkg/rotate_pkg/action/detail/dds_fastrtps
[0.918s] -- Up-to-date: /home/soethutun/midterm/install/rotate_pkg/lib/librotate_pkg__rosidl_typesupport_fastrtps_cpp.so
[0.918s] -- Up-to-date: /home/soethutun/midterm/install/rotate_pkg/include/rotate_pkg/rotate_pkg
[0.918s] -- Up-to-date: /home/soethutun/midterm/install/rotate_pkg/include/rotate_pkg/rotate_pkg/action
[0.920s] -- Up-to-date: /home/soethutun/midterm/install/rotate_pkg/include/rotate_pkg/rotate_pkg/action/detail
[0.920s] -- Up-to-date: /home/soethutun/midterm/install/rotate_pkg/include/rotate_pkg/rotate_pkg/action/detail/rotate__type_support.cpp
[0.920s] -- Up-to-date: /home/soethutun/midterm/install/rotate_pkg/include/rotate_pkg/rotate_pkg/action/detail/rotate__rosidl_typesupport_introspection_cpp.hpp
[0.921s] -- Up-to-date: /home/soethutun/midterm/install/rotate_pkg/lib/librotate_pkg__rosidl_typesupport_introspection_cpp.so
[0.921s] -- Up-to-date: /home/soethutun/midterm/install/rotate_pkg/lib/librotate_pkg__rosidl_typesupport_cpp.so
[0.921s] -- Up-to-date: /home/soethutun/midterm/install/rotate_pkg/share/rotate_pkg/environment/pythonpath.sh
[0.921s] -- Up-to-date: /home/soethutun/midterm/install/rotate_pkg/share/rotate_pkg/environment/pythonpath.dsv
[0.921s] -- Up-to-date: /home/soethutun/midterm/install/rotate_pkg/local/lib/python3.10/dist-packages/rotate_pkg-0.0.0-py3.10.egg-info
[0.926s] -- Installing: /home/soethutun/midterm/install/rotate_pkg/local/lib/python3.10/dist-packages/rotate_pkg-0.0.0-py3.10.egg-info/PKG-INFO
[0.926s] -- Installing: /home/soethutun/midterm/install/rotate_pkg/local/lib/python3.10/dist-packages/rotate_pkg-0.0.0-py3.10.egg-info/dependency_links.txt
[0.926s] -- Installing: /home/soethutun/midterm/install/rotate_pkg/local/lib/python3.10/dist-packages/rotate_pkg-0.0.0-py3.10.egg-info/SOURCES.txt
[0.926s] -- Installing: /home/soethutun/midterm/install/rotate_pkg/local/lib/python3.10/dist-packages/rotate_pkg-0.0.0-py3.10.egg-info/top_level.txt
[0.926s] -- Up-to-date: /home/soethutun/midterm/install/rotate_pkg/local/lib/python3.10/dist-packages/rotate_pkg
[0.926s] -- Up-to-date: /home/soethutun/midterm/install/rotate_pkg/local/lib/python3.10/dist-packages/rotate_pkg/librotate_pkg__rosidl_generator_py.so
[0.927s] -- Up-to-date: /home/soethutun/midterm/install/rotate_pkg/local/lib/python3.10/dist-packages/rotate_pkg/_rotate_pkg_s.ep.rosidl_typesupport_fastrtps_c.c
[0.927s] -- Up-to-date: /home/soethutun/midterm/install/rotate_pkg/local/lib/python3.10/dist-packages/rotate_pkg/_rotate_pkg_s.ep.rosidl_typesupport_introspection_c.c
[0.927s] -- Up-to-date: /home/soethutun/midterm/install/rotate_pkg/local/lib/python3.10/dist-packages/rotate_pkg/_rotate_pkg_s.ep.rosidl_typesupport_c.c
[0.927s] -- Up-to-date: /home/soethutun/midterm/install/rotate_pkg/local/lib/python3.10/dist-packages/rotate_pkg/rotate_pkg_s__rosidl_typesupport_introspection_c.cpython-310-x86_64-linux-gnu.so
[0.927s] -- Up-to-date: /home/soethutun/midterm/install/rotate_pkg/local/lib/python3.10/dist-packages/rotate_pkg/rotate_pkg_s__rosidl_typesupport_c.cpython-310-x86_64-linux-gnu.so
[0.927s] -- Up-to-date: /home/soethutun/midterm/install/rotate_pkg/local/lib/python3.10/dist-packages/rotate_pkg/action
[0.927s] -- Up-to-date: /home/soethutun/midterm/install/rotate_pkg/local/lib/python3.10/dist-packages/rotate_pkg/action/_rotate_s.c
[0.927s] -- Up-to-date: /home/soethutun/midterm/install/rotate_pkg/local/lib/python3.10/dist-packages/rotate_pkg/action/_rotate.py
[0.927s] -- Up-to-date: /home/soethutun/midterm/install/rotate_pkg/local/lib/python3.10/dist-packages/rotate_pkg/action/__init__.py
[0.927s] -- Up-to-date: /home/soethutun/midterm/install/rotate_pkg/local/lib/python3.10/dist-packages/rotate_pkg/__init__.py
[0.927s] -- Up-to-date: /home/soethutun/midterm/install/rotate_pkg/local/lib/python3.10/dist-packages/rotate_pkg/rotate_pkg_s__rosidl_typesupport_fastrtps_c.cpython-310-x86_64-linux-gnu.so
[0.961s] Listing '/home/soethutun/midterm/install/rotate_pkg/local/lib/python3.10/dist-packages/rotate_pkg'...
[0.961s] Listing '/home/soethutun/midterm/install/rotate_pkg/local/lib/python3.10/dist-packages/rotate_pkg/action'...
[0.966s] -- Up-to-date: /home/soethutun/midterm/install/rotate_pkg/local/lib/python3.10/dist-packages/rotate_pkg/rotate_pkg_s__rosidl_typesupport_fastrtps_c.cpython-310-x86_64-linux-gnu.so
[0.966s] -- Up-to-date: /home/soethutun/midterm/install/rotate_pkg/local/lib/python3.10/dist-packages/rotate_pkg/rotate_pkg_s__rosidl_typesupport_introspection_c.cpython-310-x86_64-linux-gnu.so
[0.966s] -- Up-to-date: /home/soethutun/midterm/install/rotate_pkg/local/lib/python3.10/dist-packages/rotate_pkg/rotate_pkg_s__rosidl_typesupport_c.cpython-310-x86_64-linux-gnu.so
[0.967s] -- Up-to-date: /home/soethutun/midterm/install/rotate_pkg/lib/librotate_pkg__rosidl_generator_py.so
[0.967s] -- Up-to-date: /home/soethutun/midterm/install/rotate_pkg/share/rotate_pkg/action/Rotate.idl
[0.967s] -- Up-to-date: /home/soethutun/midterm/install/rotate_pkg/share/rotate_pkg/action/Rotate.action
[0.967s] -- Up-to-date: /home/soethutun/midterm/install/rotate_pkg/share/ament_index/resource_index/package_run_dependencies/rotate_pkg
[0.967s] -- Up-to-date: /home/soethutun/midterm/install/rotate_pkg/share/ament_index/resource_index/parent_prefix_path/rotate_pkg
[0.967s] -- Up-to-date: /home/soethutun/midterm/install/rotate_pkg/share/rotate_pkg/environment/ament_prefix_path.sh
[0.967s] -- Up-to-date: /home/soethutun/midterm/install/rotate_pkg/share/rotate_pkg/environment/ament_prefix_path.dsv
[0.968s] -- Up-to-date: /home/soethutun/midterm/install/rotate_pkg/share/rotate_pkg/environment/path.sh
[0.968s] -- Up-to-date: /home/soethutun/midterm/install/rotate_pkg/share/rotate_pkg/environment/path.dsv
[0.968s] -- Up-to-date: /home/soethutun/midterm/install/rotate_pkg/share/rotate_pkg/local_setup.bash
[0.968s] -- Up-to-date: /home/soethutun/midterm/install/rotate_pkg/share/rotate_pkg/local_setup.sh
[0.968s] -- Up-to-date: /home/soethutun/midterm/install/rotate_pkg/share/rotate_pkg/local_setup.zsh
[0.968s] -- Up-to-date: /home/soethutun/midterm/install/rotate_pkg/share/rotate_pkg/local_setup.dsv
[0.968s] -- Installing: /home/soethutun/midterm/install/rotate_pkg/share/rotate_pkg/package.dsv
[0.968s] -- Up-to-date: /home/soethutun/midterm/install/rotate_pkg/share/ament_index/resource_index/packages/rotate_pkg
[0.969s] -- Up-to-date: /home/soethutun/midterm/install/rotate_pkg/share/rotate_pkg/cmake/export_rotate_pkg__rosidl_generator_cExport.cmake
[0.969s] -- Up-to-date: /home/soethutun/midterm/install/rotate_pkg/share/rotate_pkg/cmake/export_rotate_pkg__rosidl_generator_cExport-noconfig.cmake
[0.969s] -- Up-to-date: /home/soethutun/midterm/install/rotate_pkg/share/rotate_pkg/cmake/export_rotate_pkg__rosidl_typesupport_fastrtps_cExport.cmake
[0.969s] -- Up-to-date: /home/soethutun/midterm/install/rotate_pkg/share/rotate_pkg/cmake/export_rotate_pkg__rosidl_typesupport_fastrtps_cExport-noconfig.cmake
[0.969s] -- Up-to-date: /home/soethutun/midterm/install/rotate_pkg/share/rotate_pkg/cmake/rotate_pkg__rosidl_typesupport_introspection_cExport.cmake
[0.969s] -- Up-to-date: /home/soethutun/midterm/install/rotate_pkg/share/rotate_pkg/cmake/rotate_pkg__rosidl_typesupport_introspection_cExport-noconfig.cmake
[0.969s] -- Up-to-date: /home/soethutun/midterm/install/rotate_pkg/share/rotate_pkg/cmake/rotate_pkg__rosidl_typesupport_cExport.cmake
[0.969s] -- Up-to-date: /home/soethutun/midterm/install/rotate_pkg/share/rotate_pkg/cmake/rotate_pkg__rosidl_typesupport_cExport-noconfig.cmake
[0.969s] -- Up-to-date: /home/soethutun/midterm/install/rotate_pkg/share/rotate_pkg/cmake/export_rotate_pkg__rosidl_generator_cppExport.cmake
[0.970s] -- Up-to-date: /home/soethutun/midterm/install/rotate_pkg/share/rotate_pkg/cmake/export_rotate_pkg__rosidl_typesupport_fastrtps_cppExport.cmake
[0.970s] -- Up-to-date: /home/soethutun/midterm/install/rotate_pkg/share/rotate_pkg/cmake/export_rotate_pkg__rosidl_typesupport_fastrtps_cppExport-noconfig.cmake
[0.970s] -- Up-to-date: /home/soethutun/midterm/install/rotate_pkg/share/rotate_pkg/cmake/rotate_pkg__rosidl_typesupport_introspection_cppExport.cmake
[0.970s] -- Up-to-date: /home/soethutun/midterm/install/rotate_pkg/share/rotate_pkg/cmake/rotate_pkg__rosidl_typesupport_introspection_cppExport-noconfig.cmake
[0.970s] -- Up-to-date: /home/soethutun/midterm/install/rotate_pkg/share/rotate_pkg/cmake/rotate_pkg__rosidl_typesupport_cppExport.cmake
[0.970s] -- Up-to-date: /home/soethutun/midterm/install/rotate_pkg/share/rotate_pkg/cmake/rotate_pkg__rosidl_typesupport_cppExport-noconfig.cmake
[0.970s] -- Up-to-date: /home/soethutun/midterm/install/rotate_pkg/share/rotate_pkg/cmake/export_rotate_pkg__rosidl_generator_pyExport.cmake
[0.970s] -- Up-to-date: /home/soethutun/midterm/install/rotate_pkg/share/rotate_pkg/cmake/export_rotate_pkg__rosidl_generator_pyExport-noconfig.cmake
[0.970s] -- Up-to-date: /home/soethutun/midterm/install/rotate_pkg/share/rotate_pkg/cmake/rosidl_cmake-extras.cmake
[0.970s] -- Up-to-date: /home/soethutun/midterm/install/rotate_pkg/share/rotate_pkg/cmake/ament_cmake_export_dependencies-extras.cmake
[0.971s] -- Up-to-date: /home/soethutun/midterm/install/rotate_pkg/share/rotate_pkg/cmake/ament_cmake_export_include_directories-extras.cmake
[0.971s] -- Up-to-date: /home/soethutun/midterm/install/rotate_pkg/share/rotate_pkg/cmake/ament_cmake_export_libraries-extras.cmake
[0.971s] -- Up-to-date: /home/soethutun/midterm/install/rotate_pkg/share/rotate_pkg/cmake/ament_cmake_export_targets-extras.cmake
[0.971s] -- Up-to-date: /home/soethutun/midterm/install/rotate_pkg/share/rotate_pkg/cmake/rosidl_cmake_export_typesupport_targets-extras.cmake
[0.971s] -- Up-to-date: /home/soethutun/midterm/install/rotate_pkg/share/rotate_pkg/cmake/rosidl_cmake_export_typesupport_libraries-extras.cmake
[0.971s] -- Up-to-date: /home/soethutun/midterm/install/rotate_pkg/share/rotate_pkg/cmake/rotate_pkgConfig.cmake
[0.971s] -- Up-to-date: /home/soethutun/midterm/install/rotate_pkg/share/rotate_pkg/cmake/rotate_pkgConfig-version.cmake
[0.971s] -- Up-to-date: /home/soethutun/midterm/install/rotate_pkg/share/rotate_pkg/package.xml
[0.973s] Invoked command in '/home/soethutun/midterm/build/rotate_pkg' returned '0': CMAKE_PREFIX_PATH=${CMAKE_PREFIX_PATH}:/home/soethutun/ros2_ws/install/tf_examples:/home/soethutun/ros2_ws/install/my_pkg:/home/soethutun/midterm/install/pkg1:/home/soethutun/workspace/install/my_robot_controller:/home/soethutun/workspace/install/exercises:/home/soethutun/turtlebot3_ws/install/turtlebot3_teleop:/home/soethutun/turtlebot3_ws/install/turtlebot3_example:/opt/ros/humble /usr/bin/cmake --install /home/soethutun/midterm/build/rotate_pkg
