[35m[1mConsolidate compiler generated dependencies of target rotate_pkg__rosidl_generator_c[0m
[  3%] Built target rotate_pkg__cpp
[ 12%] Built target rotate_pkg__rosidl_generator_c
[35m[1mConsolidate compiler generated dependencies of target rotate_pkg__rosidl_typesupport_fastrtps_cpp[0m
[ 12%] Built target ament_cmake_python_copy_rotate_pkg
[35m[1mConsolidate compiler generated dependencies of target rotate_pkg__rosidl_typesupport_introspection_cpp[0m
[35m[1mConsolidate compiler generated dependencies of target rotate_pkg__rosidl_typesupport_cpp[0m
[35m[1mConsolidate compiler generated dependencies of target rotate_pkg__rosidl_typesupport_fastrtps_c[0m
[ 32%] Built target rotate_pkg__rosidl_typesupport_cpp
[ 32%] Built target rotate_pkg__rosidl_typesupport_fastrtps_cpp
[ 41%] Built target rotate_pkg__rosidl_typesupport_introspection_cpp
[ 51%] Built target rotate_pkg__rosidl_typesupport_fastrtps_c
[35m[1mConsolidate compiler generated dependencies of target rotate_pkg__rosidl_typesupport_introspection_c[0m
[35m[1mConsolidate compiler generated dependencies of target rotate_pkg__rosidl_typesupport_c[0m
[ 61%] Built target rotate_pkg__rosidl_typesupport_introspection_c
[ 70%] Built target rotate_pkg__rosidl_typesupport_c
[ 70%] Built target rotate_pkg
[ 74%] Built target rotate_pkg__py
[35m[1mConsolidate compiler generated dependencies of target rotate_pkg__rosidl_generator_py[0m
[ 80%] Built target rotate_pkg__rosidl_generator_py
[35m[1mConsolidate compiler generated dependencies of target rotate_pkg__rosidl_typesupport_fastrtps_c__pyext[0m
[35m[1mConsolidate compiler generated dependencies of target rotate_pkg__rosidl_typesupport_introspection_c__pyext[0m
[35m[1mConsolidate compiler generated dependencies of target rotate_pkg__rosidl_typesupport_c__pyext[0m
[ 87%] Built target rotate_pkg__rosidl_typesupport_fastrtps_c__pyext
[ 93%] Built target rotate_pkg__rosidl_typesupport_introspection_c__pyext
[100%] Built target rotate_pkg__rosidl_typesupport_c__pyext
running egg_info
writing rotate_pkg.egg-info/PKG-INFO
writing dependency_links to rotate_pkg.egg-info/dependency_links.txt
writing top-level names to rotate_pkg.egg-info/top_level.txt
reading manifest file 'rotate_pkg.egg-info/SOURCES.txt'
writing manifest file 'rotate_pkg.egg-info/SOURCES.txt'
[100%] Built target ament_cmake_python_build_rotate_pkg_egg
-- Install configuration: ""
-- Up-to-date: /home/soethutun/midterm/install/rotate_pkg/share/ament_index/resource_index/rosidl_interfaces/rotate_pkg
-- Up-to-date: /home/soethutun/midterm/install/rotate_pkg/include/rotate_pkg/rotate_pkg
-- Up-to-date: /home/soethutun/midterm/install/rotate_pkg/include/rotate_pkg/rotate_pkg/msg
-- Up-to-date: /home/soethutun/midterm/install/rotate_pkg/include/rotate_pkg/rotate_pkg/msg/rosidl_generator_c__visibility_control.h
-- Up-to-date: /home/soethutun/midterm/install/rotate_pkg/include/rotate_pkg/rotate_pkg/action
-- Up-to-date: /home/soethutun/midterm/install/rotate_pkg/include/rotate_pkg/rotate_pkg/action/rotate.h
-- Up-to-date: /home/soethutun/midterm/install/rotate_pkg/include/rotate_pkg/rotate_pkg/action/detail
-- Up-to-date: /home/soethutun/midterm/install/rotate_pkg/include/rotate_pkg/rotate_pkg/action/detail/rotate__struct.h
-- Up-to-date: /home/soethutun/midterm/install/rotate_pkg/include/rotate_pkg/rotate_pkg/action/detail/rotate__functions.c
-- Up-to-date: /home/soethutun/midterm/install/rotate_pkg/include/rotate_pkg/rotate_pkg/action/detail/rotate__type_support.h
-- Up-to-date: /home/soethutun/midterm/install/rotate_pkg/include/rotate_pkg/rotate_pkg/action/detail/rotate__functions.h
-- Up-to-date: /home/soethutun/midterm/install/rotate_pkg/share/rotate_pkg/environment/library_path.sh
-- Up-to-date: /home/soethutun/midterm/install/rotate_pkg/share/rotate_pkg/environment/library_path.dsv
-- Up-to-date: /home/soethutun/midterm/install/rotate_pkg/lib/librotate_pkg__rosidl_generator_c.so
-- Up-to-date: /home/soethutun/midterm/install/rotate_pkg/include/rotate_pkg/rotate_pkg
-- Up-to-date: /home/soethutun/midterm/install/rotate_pkg/include/rotate_pkg/rotate_pkg/msg
-- Up-to-date: /home/soethutun/midterm/install/rotate_pkg/include/rotate_pkg/rotate_pkg/msg/rosidl_typesupport_fastrtps_c__visibility_control.h
-- Up-to-date: /home/soethutun/midterm/install/rotate_pkg/include/rotate_pkg/rotate_pkg/action
-- Up-to-date: /home/soethutun/midterm/install/rotate_pkg/include/rotate_pkg/rotate_pkg/action/detail
-- Up-to-date: /home/soethutun/midterm/install/rotate_pkg/include/rotate_pkg/rotate_pkg/action/detail/rotate__rosidl_typesupport_fastrtps_c.h
-- Up-to-date: /home/soethutun/midterm/install/rotate_pkg/lib/librotate_pkg__rosidl_typesupport_fastrtps_c.so
-- Up-to-date: /home/soethutun/midterm/install/rotate_pkg/include/rotate_pkg/rotate_pkg
-- Up-to-date: /home/soethutun/midterm/install/rotate_pkg/include/rotate_pkg/rotate_pkg/msg
-- Up-to-date: /home/soethutun/midterm/install/rotate_pkg/include/rotate_pkg/rotate_pkg/msg/rosidl_typesupport_introspection_c__visibility_control.h
-- Up-to-date: /home/soethutun/midterm/install/rotate_pkg/include/rotate_pkg/rotate_pkg/action
-- Up-to-date: /home/soethutun/midterm/install/rotate_pkg/include/rotate_pkg/rotate_pkg/action/detail
-- Up-to-date: /home/soethutun/midterm/install/rotate_pkg/include/rotate_pkg/rotate_pkg/action/detail/rotate__rosidl_typesupport_introspection_c.h
-- Up-to-date: /home/soethutun/midterm/install/rotate_pkg/include/rotate_pkg/rotate_pkg/action/detail/rotate__type_support.c
-- Up-to-date: /home/soethutun/midterm/install/rotate_pkg/lib/librotate_pkg__rosidl_typesupport_introspection_c.so
-- Up-to-date: /home/soethutun/midterm/install/rotate_pkg/lib/librotate_pkg__rosidl_typesupport_c.so
-- Up-to-date: /home/soethutun/midterm/install/rotate_pkg/include/rotate_pkg/rotate_pkg
-- Up-to-date: /home/soethutun/midterm/install/rotate_pkg/include/rotate_pkg/rotate_pkg/msg
-- Up-to-date: /home/soethutun/midterm/install/rotate_pkg/include/rotate_pkg/rotate_pkg/msg/rosidl_generator_cpp__visibility_control.hpp
-- Up-to-date: /home/soethutun/midterm/install/rotate_pkg/include/rotate_pkg/rotate_pkg/action
-- Up-to-date: /home/soethutun/midterm/install/rotate_pkg/include/rotate_pkg/rotate_pkg/action/rotate.hpp
-- Up-to-date: /home/soethutun/midterm/install/rotate_pkg/include/rotate_pkg/rotate_pkg/action/detail
-- Up-to-date: /home/soethutun/midterm/install/rotate_pkg/include/rotate_pkg/rotate_pkg/action/detail/rotate__struct.hpp
-- Up-to-date: /home/soethutun/midterm/install/rotate_pkg/include/rotate_pkg/rotate_pkg/action/detail/rotate__type_support.hpp
-- Up-to-date: /home/soethutun/midterm/install/rotate_pkg/include/rotate_pkg/rotate_pkg/action/detail/rotate__builder.hpp
-- Up-to-date: /home/soethutun/midterm/install/rotate_pkg/include/rotate_pkg/rotate_pkg/action/detail/rotate__traits.hpp
-- Up-to-date: /home/soethutun/midterm/install/rotate_pkg/include/rotate_pkg/rotate_pkg
-- Up-to-date: /home/soethutun/midterm/install/rotate_pkg/include/rotate_pkg/rotate_pkg/msg
-- Up-to-date: /home/soethutun/midterm/install/rotate_pkg/include/rotate_pkg/rotate_pkg/msg/rosidl_typesupport_fastrtps_cpp__visibility_control.h
-- Up-to-date: /home/soethutun/midterm/install/rotate_pkg/include/rotate_pkg/rotate_pkg/action
-- Up-to-date: /home/soethutun/midterm/install/rotate_pkg/include/rotate_pkg/rotate_pkg/action/detail
-- Up-to-date: /home/soethutun/midterm/install/rotate_pkg/include/rotate_pkg/rotate_pkg/action/detail/rotate__rosidl_typesupport_fastrtps_cpp.hpp
-- Up-to-date: /home/soethutun/midterm/install/rotate_pkg/include/rotate_pkg/rotate_pkg/action/detail/dds_fastrtps
-- Up-to-date: /home/soethutun/midterm/install/rotate_pkg/lib/librotate_pkg__rosidl_typesupport_fastrtps_cpp.so
-- Up-to-date: /home/soethutun/midterm/install/rotate_pkg/include/rotate_pkg/rotate_pkg
-- Up-to-date: /home/soethutun/midterm/install/rotate_pkg/include/rotate_pkg/rotate_pkg/action
-- Up-to-date: /home/soethutun/midterm/install/rotate_pkg/include/rotate_pkg/rotate_pkg/action/detail
-- Up-to-date: /home/soethutun/midterm/install/rotate_pkg/include/rotate_pkg/rotate_pkg/action/detail/rotate__type_support.cpp
-- Up-to-date: /home/soethutun/midterm/install/rotate_pkg/include/rotate_pkg/rotate_pkg/action/detail/rotate__rosidl_typesupport_introspection_cpp.hpp
-- Up-to-date: /home/soethutun/midterm/install/rotate_pkg/lib/librotate_pkg__rosidl_typesupport_introspection_cpp.so
-- Up-to-date: /home/soethutun/midterm/install/rotate_pkg/lib/librotate_pkg__rosidl_typesupport_cpp.so
-- Up-to-date: /home/soethutun/midterm/install/rotate_pkg/share/rotate_pkg/environment/pythonpath.sh
-- Up-to-date: /home/soethutun/midterm/install/rotate_pkg/share/rotate_pkg/environment/pythonpath.dsv
-- Up-to-date: /home/soethutun/midterm/install/rotate_pkg/local/lib/python3.10/dist-packages/rotate_pkg-0.0.0-py3.10.egg-info
-- Installing: /home/soethutun/midterm/install/rotate_pkg/local/lib/python3.10/dist-packages/rotate_pkg-0.0.0-py3.10.egg-info/PKG-INFO
-- Installing: /home/soethutun/midterm/install/rotate_pkg/local/lib/python3.10/dist-packages/rotate_pkg-0.0.0-py3.10.egg-info/dependency_links.txt
-- Installing: /home/soethutun/midterm/install/rotate_pkg/local/lib/python3.10/dist-packages/rotate_pkg-0.0.0-py3.10.egg-info/SOURCES.txt
-- Installing: /home/soethutun/midterm/install/rotate_pkg/local/lib/python3.10/dist-packages/rotate_pkg-0.0.0-py3.10.egg-info/top_level.txt
-- Up-to-date: /home/soethutun/midterm/install/rotate_pkg/local/lib/python3.10/dist-packages/rotate_pkg
-- Up-to-date: /home/soethutun/midterm/install/rotate_pkg/local/lib/python3.10/dist-packages/rotate_pkg/librotate_pkg__rosidl_generator_py.so
-- Up-to-date: /home/soethutun/midterm/install/rotate_pkg/local/lib/python3.10/dist-packages/rotate_pkg/_rotate_pkg_s.ep.rosidl_typesupport_fastrtps_c.c
-- Up-to-date: /home/soethutun/midterm/install/rotate_pkg/local/lib/python3.10/dist-packages/rotate_pkg/_rotate_pkg_s.ep.rosidl_typesupport_introspection_c.c
-- Up-to-date: /home/soethutun/midterm/install/rotate_pkg/local/lib/python3.10/dist-packages/rotate_pkg/_rotate_pkg_s.ep.rosidl_typesupport_c.c
-- Up-to-date: /home/soethutun/midterm/install/rotate_pkg/local/lib/python3.10/dist-packages/rotate_pkg/rotate_pkg_s__rosidl_typesupport_introspection_c.cpython-310-x86_64-linux-gnu.so
-- Up-to-date: /home/soethutun/midterm/install/rotate_pkg/local/lib/python3.10/dist-packages/rotate_pkg/rotate_pkg_s__rosidl_typesupport_c.cpython-310-x86_64-linux-gnu.so
-- Up-to-date: /home/soethutun/midterm/install/rotate_pkg/local/lib/python3.10/dist-packages/rotate_pkg/action
-- Up-to-date: /home/soethutun/midterm/install/rotate_pkg/local/lib/python3.10/dist-packages/rotate_pkg/action/_rotate_s.c
-- Up-to-date: /home/soethutun/midterm/install/rotate_pkg/local/lib/python3.10/dist-packages/rotate_pkg/action/_rotate.py
-- Up-to-date: /home/soethutun/midterm/install/rotate_pkg/local/lib/python3.10/dist-packages/rotate_pkg/action/__init__.py
-- Up-to-date: /home/soethutun/midterm/install/rotate_pkg/local/lib/python3.10/dist-packages/rotate_pkg/__init__.py
-- Up-to-date: /home/soethutun/midterm/install/rotate_pkg/local/lib/python3.10/dist-packages/rotate_pkg/rotate_pkg_s__rosidl_typesupport_fastrtps_c.cpython-310-x86_64-linux-gnu.so
Listing '/home/soethutun/midterm/install/rotate_pkg/local/lib/python3.10/dist-packages/rotate_pkg'...
Listing '/home/soethutun/midterm/install/rotate_pkg/local/lib/python3.10/dist-packages/rotate_pkg/action'...
-- Up-to-date: /home/soethutun/midterm/install/rotate_pkg/local/lib/python3.10/dist-packages/rotate_pkg/rotate_pkg_s__rosidl_typesupport_fastrtps_c.cpython-310-x86_64-linux-gnu.so
-- Up-to-date: /home/soethutun/midterm/install/rotate_pkg/local/lib/python3.10/dist-packages/rotate_pkg/rotate_pkg_s__rosidl_typesupport_introspection_c.cpython-310-x86_64-linux-gnu.so
-- Up-to-date: /home/soethutun/midterm/install/rotate_pkg/local/lib/python3.10/dist-packages/rotate_pkg/rotate_pkg_s__rosidl_typesupport_c.cpython-310-x86_64-linux-gnu.so
-- Up-to-date: /home/soethutun/midterm/install/rotate_pkg/lib/librotate_pkg__rosidl_generator_py.so
-- Up-to-date: /home/soethutun/midterm/install/rotate_pkg/share/rotate_pkg/action/Rotate.idl
-- Up-to-date: /home/soethutun/midterm/install/rotate_pkg/share/rotate_pkg/action/Rotate.action
-- Up-to-date: /home/soethutun/midterm/install/rotate_pkg/share/ament_index/resource_index/package_run_dependencies/rotate_pkg
-- Up-to-date: /home/soethutun/midterm/install/rotate_pkg/share/ament_index/resource_index/parent_prefix_path/rotate_pkg
-- Up-to-date: /home/soethutun/midterm/install/rotate_pkg/share/rotate_pkg/environment/ament_prefix_path.sh
-- Up-to-date: /home/soethutun/midterm/install/rotate_pkg/share/rotate_pkg/environment/ament_prefix_path.dsv
-- Up-to-date: /home/soethutun/midterm/install/rotate_pkg/share/rotate_pkg/environment/path.sh
-- Up-to-date: /home/soethutun/midterm/install/rotate_pkg/share/rotate_pkg/environment/path.dsv
-- Up-to-date: /home/soethutun/midterm/install/rotate_pkg/share/rotate_pkg/local_setup.bash
-- Up-to-date: /home/soethutun/midterm/install/rotate_pkg/share/rotate_pkg/local_setup.sh
-- Up-to-date: /home/soethutun/midterm/install/rotate_pkg/share/rotate_pkg/local_setup.zsh
-- Up-to-date: /home/soethutun/midterm/install/rotate_pkg/share/rotate_pkg/local_setup.dsv
-- Installing: /home/soethutun/midterm/install/rotate_pkg/share/rotate_pkg/package.dsv
-- Up-to-date: /home/soethutun/midterm/install/rotate_pkg/share/ament_index/resource_index/packages/rotate_pkg
-- Up-to-date: /home/soethutun/midterm/install/rotate_pkg/share/rotate_pkg/cmake/export_rotate_pkg__rosidl_generator_cExport.cmake
-- Up-to-date: /home/soethutun/midterm/install/rotate_pkg/share/rotate_pkg/cmake/export_rotate_pkg__rosidl_generator_cExport-noconfig.cmake
-- Up-to-date: /home/soethutun/midterm/install/rotate_pkg/share/rotate_pkg/cmake/export_rotate_pkg__rosidl_typesupport_fastrtps_cExport.cmake
-- Up-to-date: /home/soethutun/midterm/install/rotate_pkg/share/rotate_pkg/cmake/export_rotate_pkg__rosidl_typesupport_fastrtps_cExport-noconfig.cmake
-- Up-to-date: /home/soethutun/midterm/install/rotate_pkg/share/rotate_pkg/cmake/rotate_pkg__rosidl_typesupport_introspection_cExport.cmake
-- Up-to-date: /home/soethutun/midterm/install/rotate_pkg/share/rotate_pkg/cmake/rotate_pkg__rosidl_typesupport_introspection_cExport-noconfig.cmake
-- Up-to-date: /home/soethutun/midterm/install/rotate_pkg/share/rotate_pkg/cmake/rotate_pkg__rosidl_typesupport_cExport.cmake
-- Up-to-date: /home/soethutun/midterm/install/rotate_pkg/share/rotate_pkg/cmake/rotate_pkg__rosidl_typesupport_cExport-noconfig.cmake
-- Up-to-date: /home/soethutun/midterm/install/rotate_pkg/share/rotate_pkg/cmake/export_rotate_pkg__rosidl_generator_cppExport.cmake
-- Up-to-date: /home/soethutun/midterm/install/rotate_pkg/share/rotate_pkg/cmake/export_rotate_pkg__rosidl_typesupport_fastrtps_cppExport.cmake
-- Up-to-date: /home/soethutun/midterm/install/rotate_pkg/share/rotate_pkg/cmake/export_rotate_pkg__rosidl_typesupport_fastrtps_cppExport-noconfig.cmake
-- Up-to-date: /home/soethutun/midterm/install/rotate_pkg/share/rotate_pkg/cmake/rotate_pkg__rosidl_typesupport_introspection_cppExport.cmake
-- Up-to-date: /home/soethutun/midterm/install/rotate_pkg/share/rotate_pkg/cmake/rotate_pkg__rosidl_typesupport_introspection_cppExport-noconfig.cmake
-- Up-to-date: /home/soethutun/midterm/install/rotate_pkg/share/rotate_pkg/cmake/rotate_pkg__rosidl_typesupport_cppExport.cmake
-- Up-to-date: /home/soethutun/midterm/install/rotate_pkg/share/rotate_pkg/cmake/rotate_pkg__rosidl_typesupport_cppExport-noconfig.cmake
-- Up-to-date: /home/soethutun/midterm/install/rotate_pkg/share/rotate_pkg/cmake/export_rotate_pkg__rosidl_generator_pyExport.cmake
-- Up-to-date: /home/soethutun/midterm/install/rotate_pkg/share/rotate_pkg/cmake/export_rotate_pkg__rosidl_generator_pyExport-noconfig.cmake
-- Up-to-date: /home/soethutun/midterm/install/rotate_pkg/share/rotate_pkg/cmake/rosidl_cmake-extras.cmake
-- Up-to-date: /home/soethutun/midterm/install/rotate_pkg/share/rotate_pkg/cmake/ament_cmake_export_dependencies-extras.cmake
-- Up-to-date: /home/soethutun/midterm/install/rotate_pkg/share/rotate_pkg/cmake/ament_cmake_export_include_directories-extras.cmake
-- Up-to-date: /home/soethutun/midterm/install/rotate_pkg/share/rotate_pkg/cmake/ament_cmake_export_libraries-extras.cmake
-- Up-to-date: /home/soethutun/midterm/install/rotate_pkg/share/rotate_pkg/cmake/ament_cmake_export_targets-extras.cmake
-- Up-to-date: /home/soethutun/midterm/install/rotate_pkg/share/rotate_pkg/cmake/rosidl_cmake_export_typesupport_targets-extras.cmake
-- Up-to-date: /home/soethutun/midterm/install/rotate_pkg/share/rotate_pkg/cmake/rosidl_cmake_export_typesupport_libraries-extras.cmake
-- Up-to-date: /home/soethutun/midterm/install/rotate_pkg/share/rotate_pkg/cmake/rotate_pkgConfig.cmake
-- Up-to-date: /home/soethutun/midterm/install/rotate_pkg/share/rotate_pkg/cmake/rotate_pkgConfig-version.cmake
-- Up-to-date: /home/soethutun/midterm/install/rotate_pkg/share/rotate_pkg/package.xml
