[0.672s] Invoking command in '/home/soethutun/midterm/src/pkg1': PYTHONPATH=/home/soethutun/midterm/build/pkg1/prefix_override:/usr/lib/python3/dist-packages/colcon_core/task/python/colcon_distutils_commands:/home/soethutun/midterm/install/pkg1/lib/python3.10/site-packages:${PYTHONPATH} /usr/bin/python3 -W ignore:setup.py install is deprecated -W ignore:easy_install command is deprecated setup.py egg_info --egg-base ../../build/pkg1 build --build-base /home/soethutun/midterm/build/pkg1/build install --record /home/soethutun/midterm/build/pkg1/install.log --single-version-externally-managed install_data
[0.933s] running egg_info
[0.934s] writing ../../build/pkg1/pkg1.egg-info/PKG-INFO
[0.934s] writing dependency_links to ../../build/pkg1/pkg1.egg-info/dependency_links.txt
[0.934s] writing entry points to ../../build/pkg1/pkg1.egg-info/entry_points.txt
[0.934s] writing requirements to ../../build/pkg1/pkg1.egg-info/requires.txt
[0.934s] writing top-level names to ../../build/pkg1/pkg1.egg-info/top_level.txt
[0.936s] reading manifest file '../../build/pkg1/pkg1.egg-info/SOURCES.txt'
[0.937s] writing manifest file '../../build/pkg1/pkg1.egg-info/SOURCES.txt'
[0.937s] running build
[0.937s] running build_py
[0.938s] copying pkg1/circle_publisher.py -> /home/soethutun/midterm/build/pkg1/build/lib/pkg1
[0.938s] running install
[0.938s] running install_lib
[0.939s] copying /home/soethutun/midterm/build/pkg1/build/lib/pkg1/circle_publisher.py -> /home/soethutun/midterm/install/pkg1/lib/python3.10/site-packages/pkg1
[0.939s] byte-compiling /home/soethutun/midterm/install/pkg1/lib/python3.10/site-packages/pkg1/circle_publisher.py to circle_publisher.cpython-310.pyc
[0.940s] running install_data
[0.940s] running install_egg_info
[0.943s] removing '/home/soethutun/midterm/install/pkg1/lib/python3.10/site-packages/pkg1-0.0.0-py3.10.egg-info' (and everything under it)
[0.943s] Copying ../../build/pkg1/pkg1.egg-info to /home/soethutun/midterm/install/pkg1/lib/python3.10/site-packages/pkg1-0.0.0-py3.10.egg-info
[0.943s] running install_scripts
[0.966s] Installing circle_publisher script to /home/soethutun/midterm/install/pkg1/lib/pkg1
[0.966s] Installing odom_logger script to /home/soethutun/midterm/install/pkg1/lib/pkg1
[0.966s] Installing square_service_client script to /home/soethutun/midterm/install/pkg1/lib/pkg1
[0.966s] Installing square_service_server script to /home/soethutun/midterm/install/pkg1/lib/pkg1
[0.966s] writing list of installed files to '/home/soethutun/midterm/build/pkg1/install.log'
[0.999s] Invoked command in '/home/soethutun/midterm/src/pkg1' returned '0': PYTHONPATH=/home/soethutun/midterm/build/pkg1/prefix_override:/usr/lib/python3/dist-packages/colcon_core/task/python/colcon_distutils_commands:/home/soethutun/midterm/install/pkg1/lib/python3.10/site-packages:${PYTHONPATH} /usr/bin/python3 -W ignore:setup.py install is deprecated -W ignore:easy_install command is deprecated setup.py egg_info --egg-base ../../build/pkg1 build --build-base /home/soethutun/midterm/build/pkg1/build install --record /home/soethutun/midterm/build/pkg1/install.log --single-version-externally-managed install_data
