running egg_info
writing ../../build/pkg1/pkg1.egg-info/PKG-INFO
writing dependency_links to ../../build/pkg1/pkg1.egg-info/dependency_links.txt
writing entry points to ../../build/pkg1/pkg1.egg-info/entry_points.txt
writing requirements to ../../build/pkg1/pkg1.egg-info/requires.txt
writing top-level names to ../../build/pkg1/pkg1.egg-info/top_level.txt
reading manifest file '../../build/pkg1/pkg1.egg-info/SOURCES.txt'
writing manifest file '../../build/pkg1/pkg1.egg-info/SOURCES.txt'
running build
running build_py
copying pkg1/action_client.py -> /home/soethutun/midterm/build/pkg1/build/lib/pkg1
copying pkg1/action_server.py -> /home/soethutun/midterm/build/pkg1/build/lib/pkg1
running install
running install_lib
copying /home/soethutun/midterm/build/pkg1/build/lib/pkg1/action_client.py -> /home/soethutun/midterm/install/pkg1/lib/python3.10/site-packages/pkg1
copying /home/soethutun/midterm/build/pkg1/build/lib/pkg1/action_server.py -> /home/soethutun/midterm/install/pkg1/lib/python3.10/site-packages/pkg1
byte-compiling /home/soethutun/midterm/install/pkg1/lib/python3.10/site-packages/pkg1/action_client.py to action_client.cpython-310.pyc
byte-compiling /home/soethutun/midterm/install/pkg1/lib/python3.10/site-packages/pkg1/action_server.py to action_server.cpython-310.pyc
running install_data
copying package.xml -> /home/soethutun/midterm/install/pkg1/share/pkg1
running install_egg_info
removing '/home/soethutun/midterm/install/pkg1/lib/python3.10/site-packages/pkg1-0.0.0-py3.10.egg-info' (and everything under it)
Copying ../../build/pkg1/pkg1.egg-info to /home/soethutun/midterm/install/pkg1/lib/python3.10/site-packages/pkg1-0.0.0-py3.10.egg-info
running install_scripts
Installing circle_publisher script to /home/soethutun/midterm/install/pkg1/lib/pkg1
Installing odom_logger script to /home/soethutun/midterm/install/pkg1/lib/pkg1
Installing rotate_action_client script to /home/soethutun/midterm/install/pkg1/lib/pkg1
Installing rotate_action_server script to /home/soethutun/midterm/install/pkg1/lib/pkg1
Installing square_service_client script to /home/soethutun/midterm/install/pkg1/lib/pkg1
Installing square_service_server script to /home/soethutun/midterm/install/pkg1/lib/pkg1
writing list of installed files to '/home/soethutun/midterm/build/pkg1/install.log'
